<!doctype html public "-//w3c//dtd html 4.0 transitional//en">
<html><head>
<title>Static Call Graph - [.\UBoot.axf]</title></head>
<body><HR>
<H1>Static Call Graph for image .\UBoot.axf</H1><HR>
<BR><P>#&#060CALLGRAPH&#062# ARM Linker, 5.03 [Build 76]: Last Updated: Thu Jun 25 12:11:48 2015
<BR><P>
<H3>Maximum Stack Usage =         84 bytes + Unknown(Functions without stacksize, Cycles, Untraceable Function Pointers)</H3><H3>
Call chain for Maximum Stack Depth:</H3>
Reset_Handler_In_SRAM &rArr; ConfigureDevice &rArr; Init_Gpio &rArr; GPIOPinTypeUART &rArr; GPIOPadConfigSet
<P>
<H3>
Functions with no stack information
</H3><UL>
 <LI><a href="#[9]">ProcessorInit</a>
 <LI><a href="#[8]">Reset_Handler</a>
 <LI><a href="#[3c]">StartApplication</a>
 <LI><a href="#[e]">Delay</a>
 <LI><a href="#[6]">Reset_Handler_In_SRAM</a>
 <LI><a href="#[7]">UpdateHandler_In_SRAM</a>
 <LI><a href="#[3]">IntDefaultHandler</a>
 <LI><a href="#[1]">NmiSR</a>
 <LI><a href="#[2]">FaultISR</a>
 <LI><a href="#[4]">UpdateHandler</a>
</UL>
</UL>
<P>
<H3>
Mutually Recursive functions
</H3> <LI><a href="#[a]">SysCtlDelay</a>&nbsp;&nbsp;&nbsp;&rArr;&nbsp;&nbsp;&nbsp;<a href="#[a]">SysCtlDelay</a><BR>
 <LI><a href="#[1c]">SSIDataPut</a>&nbsp;&nbsp;&nbsp;&rArr;&nbsp;&nbsp;&nbsp;<a href="#[1c]">SSIDataPut</a><BR>
 <LI><a href="#[1b]">SSIDataLen</a>&nbsp;&nbsp;&nbsp;&rArr;&nbsp;&nbsp;&nbsp;<a href="#[1b]">SSIDataLen</a><BR>
 <LI><a href="#[e]">Delay</a>&nbsp;&nbsp;&nbsp;&rArr;&nbsp;&nbsp;&nbsp;<a href="#[e]">Delay</a><BR>
 <LI><a href="#[3]">IntDefaultHandler</a>&nbsp;&nbsp;&nbsp;&rArr;&nbsp;&nbsp;&nbsp;<a href="#[3]">IntDefaultHandler</a><BR>
 <LI><a href="#[1]">NmiSR</a>&nbsp;&nbsp;&nbsp;&rArr;&nbsp;&nbsp;&nbsp;<a href="#[1]">NmiSR</a><BR>
 <LI><a href="#[2]">FaultISR</a>&nbsp;&nbsp;&nbsp;&rArr;&nbsp;&nbsp;&nbsp;<a href="#[2]">FaultISR</a><BR>
</UL>
<P>
<H3>
Function Pointers
</H3><UL>
 <LI><a href="#[2]">FaultISR</a> from bl_startup_rvmdk.o(RESET) referenced from bl_startup_rvmdk.o(RESET)
 <LI><a href="#[3]">IntDefaultHandler</a> from bl_startup_rvmdk.o(.text) referenced 6 times from bl_startup_rvmdk.o(RESET)
 <LI><a href="#[1]">NmiSR</a> from bl_startup_rvmdk.o(RESET) referenced from bl_startup_rvmdk.o(RESET)
 <LI><a href="#[8]">Reset_Handler</a> from bl_startup_rvmdk.o(RESET) referenced from bl_startup_rvmdk.o(RESET)
 <LI><a href="#[6]">Reset_Handler_In_SRAM</a> from bl_startup_rvmdk.o(.text) referenced from bl_startup_rvmdk.o(RESET)
 <LI><a href="#[5]">SysTickIntHandler</a> from bl_main.o(i.SysTickIntHandler) referenced from bl_startup_rvmdk.o(RESET)
 <LI><a href="#[4]">UpdateHandler</a> from bl_startup_rvmdk.o(RESET) referenced from bl_startup_rvmdk.o(RESET)
 <LI><a href="#[7]">UpdateHandler_In_SRAM</a> from bl_startup_rvmdk.o(.text) referenced from bl_startup_rvmdk.o(RESET)
</UL>
<P>
<H3>
Global Symbols
</H3>
<P><STRONG><a name="[9]"></a>ProcessorInit</STRONG> (Thumb, 0 bytes, Stack size unknown bytes, bl_startup_rvmdk.o(RESET))
<BR><BR>[Called By]<UL><LI><a href="#[8]">&gt;&gt;</a>&nbsp;&nbsp;&nbsp;Reset_Handler
<LI><a href="#[4]">&gt;&gt;</a>&nbsp;&nbsp;&nbsp;UpdateHandler
</UL>

<P><STRONG><a name="[8]"></a>Reset_Handler</STRONG> (Thumb, 0 bytes, Stack size unknown bytes, bl_startup_rvmdk.o(RESET))
<BR><BR>[Calls]<UL><LI><a href="#[9]">&gt;&gt;</a>&nbsp;&nbsp;&nbsp;ProcessorInit
</UL>

<P><STRONG><a name="[a]"></a>SysCtlDelay</STRONG> (Thumb, 6 bytes, Stack size 0 bytes, sysctl.o(.emb_text))
<BR><BR>[Calls]<UL><LI><a href="#[a]">&gt;&gt;</a>&nbsp;&nbsp;&nbsp;SysCtlDelay
</UL>
<BR>[Called By]<UL><LI><a href="#[a]">&gt;&gt;</a>&nbsp;&nbsp;&nbsp;SysCtlDelay
<LI><a href="#[1a]">&gt;&gt;</a>&nbsp;&nbsp;&nbsp;Disp_Data
<LI><a href="#[14]">&gt;&gt;</a>&nbsp;&nbsp;&nbsp;Reset_HD7279
</UL>

<P><STRONG><a name="[37]"></a>CPUcpsid</STRONG> (Thumb, 8 bytes, Stack size 0 bytes, cpu.o(.emb_text), UNUSED)

<P><STRONG><a name="[38]"></a>CPUprimask</STRONG> (Thumb, 6 bytes, Stack size 0 bytes, cpu.o(.emb_text), UNUSED)

<P><STRONG><a name="[2e]"></a>CPUcpsie</STRONG> (Thumb, 8 bytes, Stack size 0 bytes, cpu.o(.emb_text))
<BR><BR>[Called By]<UL><LI><a href="#[18]">&gt;&gt;</a>&nbsp;&nbsp;&nbsp;IntMasterEnable
</UL>

<P><STRONG><a name="[39]"></a>CPUwfi</STRONG> (Thumb, 4 bytes, Stack size 0 bytes, cpu.o(.emb_text), UNUSED)

<P><STRONG><a name="[3a]"></a>CPUbasepriSet</STRONG> (Thumb, 6 bytes, Stack size 0 bytes, cpu.o(.emb_text), UNUSED)

<P><STRONG><a name="[3b]"></a>CPUbasepriGet</STRONG> (Thumb, 6 bytes, Stack size 0 bytes, cpu.o(.emb_text), UNUSED)

<P><STRONG><a name="[3c]"></a>StartApplication</STRONG> (Thumb, 0 bytes, Stack size unknown bytes, bl_startup_rvmdk.o(.text), UNUSED)

<P><STRONG><a name="[e]"></a>Delay</STRONG> (Thumb, 0 bytes, Stack size unknown bytes, bl_startup_rvmdk.o(.text))
<BR><BR>[Calls]<UL><LI><a href="#[e]">&gt;&gt;</a>&nbsp;&nbsp;&nbsp;Delay
</UL>
<BR>[Called By]<UL><LI><a href="#[c]">&gt;&gt;</a>&nbsp;&nbsp;&nbsp;ConfigureDevice
<LI><a href="#[e]">&gt;&gt;</a>&nbsp;&nbsp;&nbsp;Delay
<LI><a href="#[11]">&gt;&gt;</a>&nbsp;&nbsp;&nbsp;CheckGPIOForceUpdate
<LI><a href="#[b]">&gt;&gt;</a>&nbsp;&nbsp;&nbsp;CheckForceUpdate
</UL>

<P><STRONG><a name="[f]"></a>AckPacket</STRONG> (Thumb, 8 bytes, Stack size 0 bytes, bl_packet.o(i.AckPacket))
<BR><BR>[Calls]<UL><LI><a href="#[10]">&gt;&gt;</a>&nbsp;&nbsp;&nbsp;UARTSend
</UL>
<BR>[Called By]<UL><LI><a href="#[d]">&gt;&gt;</a>&nbsp;&nbsp;&nbsp;Updater
</UL>

<P><STRONG><a name="[36]"></a>BLInternalFlashStartAddrCheck</STRONG> (Thumb, 38 bytes, Stack size 0 bytes, bl_flash.o(i.BLInternalFlashStartAddrCheck))
<BR><BR>[Called By]<UL><LI><a href="#[d]">&gt;&gt;</a>&nbsp;&nbsp;&nbsp;Updater
</UL>

<P><STRONG><a name="[b]"></a>CheckForceUpdate</STRONG> (Thumb, 164 bytes, Stack size 8 bytes, bl_check.o(i.CheckForceUpdate))
<BR><BR>[Stack]<UL><LI>Max Depth = 16 + Unknown Stack Size
<LI>Call Chain = CheckForceUpdate &rArr; CheckGPIOForceUpdate
</UL>
<BR>[Calls]<UL><LI><a href="#[e]">&gt;&gt;</a>&nbsp;&nbsp;&nbsp;Delay
<LI><a href="#[11]">&gt;&gt;</a>&nbsp;&nbsp;&nbsp;CheckGPIOForceUpdate
</UL>
<BR>[Called By]<UL><LI><a href="#[6]">&gt;&gt;</a>&nbsp;&nbsp;&nbsp;Reset_Handler_In_SRAM
</UL>

<P><STRONG><a name="[11]"></a>CheckGPIOForceUpdate</STRONG> (Thumb, 94 bytes, Stack size 8 bytes, bl_check.o(i.CheckGPIOForceUpdate))
<BR><BR>[Stack]<UL><LI>Max Depth = 8 + Unknown Stack Size
<LI>Call Chain = CheckGPIOForceUpdate
</UL>
<BR>[Calls]<UL><LI><a href="#[e]">&gt;&gt;</a>&nbsp;&nbsp;&nbsp;Delay
</UL>
<BR>[Called By]<UL><LI><a href="#[b]">&gt;&gt;</a>&nbsp;&nbsp;&nbsp;CheckForceUpdate
</UL>

<P><STRONG><a name="[32]"></a>CheckSum</STRONG> (Thumb, 18 bytes, Stack size 0 bytes, bl_packet.o(i.CheckSum))
<BR><BR>[Called By]<UL><LI><a href="#[33]">&gt;&gt;</a>&nbsp;&nbsp;&nbsp;SendPacket
<LI><a href="#[30]">&gt;&gt;</a>&nbsp;&nbsp;&nbsp;ReceivePacket
</UL>

<P><STRONG><a name="[c]"></a>ConfigureDevice</STRONG> (Thumb, 156 bytes, Stack size 16 bytes, bl_main.o(i.ConfigureDevice))
<BR><BR>[Stack]<UL><LI>Max Depth = 84 + Unknown Stack Size
<LI>Call Chain = ConfigureDevice &rArr; Init_Gpio &rArr; GPIOPinTypeUART &rArr; GPIOPadConfigSet
</UL>
<BR>[Calls]<UL><LI><a href="#[14]">&gt;&gt;</a>&nbsp;&nbsp;&nbsp;Reset_HD7279
<LI><a href="#[17]">&gt;&gt;</a>&nbsp;&nbsp;&nbsp;IntPrioritySet
<LI><a href="#[18]">&gt;&gt;</a>&nbsp;&nbsp;&nbsp;IntMasterEnable
<LI><a href="#[15]">&gt;&gt;</a>&nbsp;&nbsp;&nbsp;Disp_Boot
<LI><a href="#[16]">&gt;&gt;</a>&nbsp;&nbsp;&nbsp;Init_SysTick
<LI><a href="#[13]">&gt;&gt;</a>&nbsp;&nbsp;&nbsp;Init_Ssi
<LI><a href="#[12]">&gt;&gt;</a>&nbsp;&nbsp;&nbsp;Init_Gpio
<LI><a href="#[e]">&gt;&gt;</a>&nbsp;&nbsp;&nbsp;Delay
</UL>
<BR>[Called By]<UL><LI><a href="#[6]">&gt;&gt;</a>&nbsp;&nbsp;&nbsp;Reset_Handler_In_SRAM
</UL>

<P><STRONG><a name="[19]"></a>Disp_Blank</STRONG> (Thumb, 22 bytes, Stack size 0 bytes, disp.o(i.Disp_Blank))
<BR><BR>[Stack]<UL><LI>Max Depth = 24<LI>Call Chain = Disp_Blank &rArr; Disp_Data
</UL>
<BR>[Calls]<UL><LI><a href="#[1a]">&gt;&gt;</a>&nbsp;&nbsp;&nbsp;Disp_Data
</UL>
<BR>[Called By]<UL><LI><a href="#[d]">&gt;&gt;</a>&nbsp;&nbsp;&nbsp;Updater
</UL>

<P><STRONG><a name="[15]"></a>Disp_Boot</STRONG> (Thumb, 54 bytes, Stack size 0 bytes, disp.o(i.Disp_Boot))
<BR><BR>[Stack]<UL><LI>Max Depth = 24<LI>Call Chain = Disp_Boot &rArr; Disp_Data
</UL>
<BR>[Calls]<UL><LI><a href="#[1a]">&gt;&gt;</a>&nbsp;&nbsp;&nbsp;Disp_Data
</UL>
<BR>[Called By]<UL><LI><a href="#[d]">&gt;&gt;</a>&nbsp;&nbsp;&nbsp;Updater
<LI><a href="#[c]">&gt;&gt;</a>&nbsp;&nbsp;&nbsp;ConfigureDevice
</UL>

<P><STRONG><a name="[1a]"></a>Disp_Data</STRONG> (Thumb, 88 bytes, Stack size 24 bytes, disp.o(i.Disp_Data))
<BR><BR>[Stack]<UL><LI>Max Depth = 24<LI>Call Chain = Disp_Data
</UL>
<BR>[Calls]<UL><LI><a href="#[a]">&gt;&gt;</a>&nbsp;&nbsp;&nbsp;SysCtlDelay
<LI><a href="#[1c]">&gt;&gt;</a>&nbsp;&nbsp;&nbsp;SSIDataPut
<LI><a href="#[1b]">&gt;&gt;</a>&nbsp;&nbsp;&nbsp;SSIDataLen
</UL>
<BR>[Called By]<UL><LI><a href="#[15]">&gt;&gt;</a>&nbsp;&nbsp;&nbsp;Disp_Boot
<LI><a href="#[19]">&gt;&gt;</a>&nbsp;&nbsp;&nbsp;Disp_Blank
</UL>

<P><STRONG><a name="[1e]"></a>GPIODirModeSet</STRONG> (Thumb, 46 bytes, Stack size 0 bytes, gpio.o(i.GPIODirModeSet))
<BR><BR>[Called By]<UL><LI><a href="#[24]">&gt;&gt;</a>&nbsp;&nbsp;&nbsp;GPIOPinTypeUART
<LI><a href="#[23]">&gt;&gt;</a>&nbsp;&nbsp;&nbsp;GPIOPinTypeTimer
<LI><a href="#[22]">&gt;&gt;</a>&nbsp;&nbsp;&nbsp;GPIOPinTypeSSI
<LI><a href="#[21]">&gt;&gt;</a>&nbsp;&nbsp;&nbsp;GPIOPinTypeGPIOOutput
<LI><a href="#[20]">&gt;&gt;</a>&nbsp;&nbsp;&nbsp;GPIOPinTypeGPIOInput
<LI><a href="#[1d]">&gt;&gt;</a>&nbsp;&nbsp;&nbsp;GPIOPinTypeCAN
</UL>

<P><STRONG><a name="[27]"></a>GPIOIntTypeSet</STRONG> (Thumb, 94 bytes, Stack size 0 bytes, gpio.o(i.GPIOIntTypeSet))
<BR><BR>[Called By]<UL><LI><a href="#[12]">&gt;&gt;</a>&nbsp;&nbsp;&nbsp;Init_Gpio
</UL>

<P><STRONG><a name="[1f]"></a>GPIOPadConfigSet</STRONG> (Thumb, 332 bytes, Stack size 32 bytes, gpio.o(i.GPIOPadConfigSet))
<BR><BR>[Stack]<UL><LI>Max Depth = 32<LI>Call Chain = GPIOPadConfigSet
</UL>
<BR>[Called By]<UL><LI><a href="#[24]">&gt;&gt;</a>&nbsp;&nbsp;&nbsp;GPIOPinTypeUART
<LI><a href="#[23]">&gt;&gt;</a>&nbsp;&nbsp;&nbsp;GPIOPinTypeTimer
<LI><a href="#[22]">&gt;&gt;</a>&nbsp;&nbsp;&nbsp;GPIOPinTypeSSI
<LI><a href="#[21]">&gt;&gt;</a>&nbsp;&nbsp;&nbsp;GPIOPinTypeGPIOOutput
<LI><a href="#[20]">&gt;&gt;</a>&nbsp;&nbsp;&nbsp;GPIOPinTypeGPIOInput
<LI><a href="#[1d]">&gt;&gt;</a>&nbsp;&nbsp;&nbsp;GPIOPinTypeCAN
<LI><a href="#[12]">&gt;&gt;</a>&nbsp;&nbsp;&nbsp;Init_Gpio
</UL>

<P><STRONG><a name="[26]"></a>GPIOPinConfigure</STRONG> (Thumb, 66 bytes, Stack size 12 bytes, gpio.o(i.GPIOPinConfigure))
<BR><BR>[Stack]<UL><LI>Max Depth = 12<LI>Call Chain = GPIOPinConfigure
</UL>
<BR>[Called By]<UL><LI><a href="#[12]">&gt;&gt;</a>&nbsp;&nbsp;&nbsp;Init_Gpio
</UL>

<P><STRONG><a name="[34]"></a>GPIOPinRead</STRONG> (Thumb, 6 bytes, Stack size 0 bytes, gpio.o(i.GPIOPinRead))
<BR><BR>[Called By]<UL><LI><a href="#[5]">&gt;&gt;</a>&nbsp;&nbsp;&nbsp;SysTickIntHandler
</UL>

<P><STRONG><a name="[1d]"></a>GPIOPinTypeCAN</STRONG> (Thumb, 32 bytes, Stack size 12 bytes, gpio.o(i.GPIOPinTypeCAN))
<BR><BR>[Stack]<UL><LI>Max Depth = 44<LI>Call Chain = GPIOPinTypeCAN &rArr; GPIOPadConfigSet
</UL>
<BR>[Calls]<UL><LI><a href="#[1e]">&gt;&gt;</a>&nbsp;&nbsp;&nbsp;GPIODirModeSet
<LI><a href="#[1f]">&gt;&gt;</a>&nbsp;&nbsp;&nbsp;GPIOPadConfigSet
</UL>
<BR>[Called By]<UL><LI><a href="#[12]">&gt;&gt;</a>&nbsp;&nbsp;&nbsp;Init_Gpio
</UL>

<P><STRONG><a name="[20]"></a>GPIOPinTypeGPIOInput</STRONG> (Thumb, 32 bytes, Stack size 12 bytes, gpio.o(i.GPIOPinTypeGPIOInput))
<BR><BR>[Stack]<UL><LI>Max Depth = 44<LI>Call Chain = GPIOPinTypeGPIOInput &rArr; GPIOPadConfigSet
</UL>
<BR>[Calls]<UL><LI><a href="#[1e]">&gt;&gt;</a>&nbsp;&nbsp;&nbsp;GPIODirModeSet
<LI><a href="#[1f]">&gt;&gt;</a>&nbsp;&nbsp;&nbsp;GPIOPadConfigSet
</UL>
<BR>[Called By]<UL><LI><a href="#[12]">&gt;&gt;</a>&nbsp;&nbsp;&nbsp;Init_Gpio
</UL>

<P><STRONG><a name="[21]"></a>GPIOPinTypeGPIOOutput</STRONG> (Thumb, 32 bytes, Stack size 12 bytes, gpio.o(i.GPIOPinTypeGPIOOutput))
<BR><BR>[Stack]<UL><LI>Max Depth = 44<LI>Call Chain = GPIOPinTypeGPIOOutput &rArr; GPIOPadConfigSet
</UL>
<BR>[Calls]<UL><LI><a href="#[1e]">&gt;&gt;</a>&nbsp;&nbsp;&nbsp;GPIODirModeSet
<LI><a href="#[1f]">&gt;&gt;</a>&nbsp;&nbsp;&nbsp;GPIOPadConfigSet
</UL>
<BR>[Called By]<UL><LI><a href="#[12]">&gt;&gt;</a>&nbsp;&nbsp;&nbsp;Init_Gpio
</UL>

<P><STRONG><a name="[22]"></a>GPIOPinTypeSSI</STRONG> (Thumb, 32 bytes, Stack size 12 bytes, gpio.o(i.GPIOPinTypeSSI))
<BR><BR>[Stack]<UL><LI>Max Depth = 44<LI>Call Chain = GPIOPinTypeSSI &rArr; GPIOPadConfigSet
</UL>
<BR>[Calls]<UL><LI><a href="#[1e]">&gt;&gt;</a>&nbsp;&nbsp;&nbsp;GPIODirModeSet
<LI><a href="#[1f]">&gt;&gt;</a>&nbsp;&nbsp;&nbsp;GPIOPadConfigSet
</UL>
<BR>[Called By]<UL><LI><a href="#[12]">&gt;&gt;</a>&nbsp;&nbsp;&nbsp;Init_Gpio
</UL>

<P><STRONG><a name="[23]"></a>GPIOPinTypeTimer</STRONG> (Thumb, 32 bytes, Stack size 12 bytes, gpio.o(i.GPIOPinTypeTimer))
<BR><BR>[Stack]<UL><LI>Max Depth = 44<LI>Call Chain = GPIOPinTypeTimer &rArr; GPIOPadConfigSet
</UL>
<BR>[Calls]<UL><LI><a href="#[1e]">&gt;&gt;</a>&nbsp;&nbsp;&nbsp;GPIODirModeSet
<LI><a href="#[1f]">&gt;&gt;</a>&nbsp;&nbsp;&nbsp;GPIOPadConfigSet
</UL>
<BR>[Called By]<UL><LI><a href="#[12]">&gt;&gt;</a>&nbsp;&nbsp;&nbsp;Init_Gpio
</UL>

<P><STRONG><a name="[24]"></a>GPIOPinTypeUART</STRONG> (Thumb, 32 bytes, Stack size 12 bytes, gpio.o(i.GPIOPinTypeUART))
<BR><BR>[Stack]<UL><LI>Max Depth = 44<LI>Call Chain = GPIOPinTypeUART &rArr; GPIOPadConfigSet
</UL>
<BR>[Calls]<UL><LI><a href="#[1e]">&gt;&gt;</a>&nbsp;&nbsp;&nbsp;GPIODirModeSet
<LI><a href="#[1f]">&gt;&gt;</a>&nbsp;&nbsp;&nbsp;GPIOPadConfigSet
</UL>
<BR>[Called By]<UL><LI><a href="#[12]">&gt;&gt;</a>&nbsp;&nbsp;&nbsp;Init_Gpio
</UL>

<P><STRONG><a name="[28]"></a>GPIOPinWrite</STRONG> (Thumb, 6 bytes, Stack size 0 bytes, gpio.o(i.GPIOPinWrite))
<BR><BR>[Called By]<UL><LI><a href="#[14]">&gt;&gt;</a>&nbsp;&nbsp;&nbsp;Reset_HD7279
<LI><a href="#[5]">&gt;&gt;</a>&nbsp;&nbsp;&nbsp;SysTickIntHandler
<LI><a href="#[12]">&gt;&gt;</a>&nbsp;&nbsp;&nbsp;Init_Gpio
</UL>

<P><STRONG><a name="[12]"></a>Init_Gpio</STRONG> (Thumb, 1152 bytes, Stack size 24 bytes, bl_main.o(i.Init_Gpio))
<BR><BR>[Stack]<UL><LI>Max Depth = 68<LI>Call Chain = Init_Gpio &rArr; GPIOPinTypeUART &rArr; GPIOPadConfigSet
</UL>
<BR>[Calls]<UL><LI><a href="#[25]">&gt;&gt;</a>&nbsp;&nbsp;&nbsp;SysCtlPeripheralEnable
<LI><a href="#[28]">&gt;&gt;</a>&nbsp;&nbsp;&nbsp;GPIOPinWrite
<LI><a href="#[24]">&gt;&gt;</a>&nbsp;&nbsp;&nbsp;GPIOPinTypeUART
<LI><a href="#[23]">&gt;&gt;</a>&nbsp;&nbsp;&nbsp;GPIOPinTypeTimer
<LI><a href="#[22]">&gt;&gt;</a>&nbsp;&nbsp;&nbsp;GPIOPinTypeSSI
<LI><a href="#[21]">&gt;&gt;</a>&nbsp;&nbsp;&nbsp;GPIOPinTypeGPIOOutput
<LI><a href="#[20]">&gt;&gt;</a>&nbsp;&nbsp;&nbsp;GPIOPinTypeGPIOInput
<LI><a href="#[1d]">&gt;&gt;</a>&nbsp;&nbsp;&nbsp;GPIOPinTypeCAN
<LI><a href="#[26]">&gt;&gt;</a>&nbsp;&nbsp;&nbsp;GPIOPinConfigure
<LI><a href="#[1f]">&gt;&gt;</a>&nbsp;&nbsp;&nbsp;GPIOPadConfigSet
<LI><a href="#[27]">&gt;&gt;</a>&nbsp;&nbsp;&nbsp;GPIOIntTypeSet
</UL>
<BR>[Called By]<UL><LI><a href="#[c]">&gt;&gt;</a>&nbsp;&nbsp;&nbsp;ConfigureDevice
</UL>

<P><STRONG><a name="[13]"></a>Init_Ssi</STRONG> (Thumb, 46 bytes, Stack size 16 bytes, bl_main.o(i.Init_Ssi))
<BR><BR>[Stack]<UL><LI>Max Depth = 32<LI>Call Chain = Init_Ssi &rArr; SSIConfigSetExpClk
</UL>
<BR>[Calls]<UL><LI><a href="#[2a]">&gt;&gt;</a>&nbsp;&nbsp;&nbsp;SSIEnable
<LI><a href="#[29]">&gt;&gt;</a>&nbsp;&nbsp;&nbsp;SSIConfigSetExpClk
</UL>
<BR>[Called By]<UL><LI><a href="#[c]">&gt;&gt;</a>&nbsp;&nbsp;&nbsp;ConfigureDevice
</UL>

<P><STRONG><a name="[16]"></a>Init_SysTick</STRONG> (Thumb, 22 bytes, Stack size 8 bytes, bl_main.o(i.Init_SysTick))
<BR><BR>[Stack]<UL><LI>Max Depth = 8<LI>Call Chain = Init_SysTick
</UL>
<BR>[Calls]<UL><LI><a href="#[2b]">&gt;&gt;</a>&nbsp;&nbsp;&nbsp;SysTickPeriodSet
<LI><a href="#[2d]">&gt;&gt;</a>&nbsp;&nbsp;&nbsp;SysTickIntEnable
<LI><a href="#[2c]">&gt;&gt;</a>&nbsp;&nbsp;&nbsp;SysTickEnable
</UL>
<BR>[Called By]<UL><LI><a href="#[c]">&gt;&gt;</a>&nbsp;&nbsp;&nbsp;ConfigureDevice
</UL>

<P><STRONG><a name="[18]"></a>IntMasterEnable</STRONG> (Thumb, 14 bytes, Stack size 8 bytes, interrupt.o(i.IntMasterEnable))
<BR><BR>[Stack]<UL><LI>Max Depth = 8<LI>Call Chain = IntMasterEnable
</UL>
<BR>[Calls]<UL><LI><a href="#[2e]">&gt;&gt;</a>&nbsp;&nbsp;&nbsp;CPUcpsie
</UL>
<BR>[Called By]<UL><LI><a href="#[c]">&gt;&gt;</a>&nbsp;&nbsp;&nbsp;ConfigureDevice
</UL>

<P><STRONG><a name="[17]"></a>IntPrioritySet</STRONG> (Thumb, 30 bytes, Stack size 8 bytes, interrupt.o(i.IntPrioritySet))
<BR><BR>[Stack]<UL><LI>Max Depth = 8<LI>Call Chain = IntPrioritySet
</UL>
<BR>[Called By]<UL><LI><a href="#[c]">&gt;&gt;</a>&nbsp;&nbsp;&nbsp;ConfigureDevice
</UL>

<P><STRONG><a name="[2f]"></a>NakPacket</STRONG> (Thumb, 8 bytes, Stack size 0 bytes, bl_packet.o(i.NakPacket))
<BR><BR>[Calls]<UL><LI><a href="#[10]">&gt;&gt;</a>&nbsp;&nbsp;&nbsp;UARTSend
</UL>
<BR>[Called By]<UL><LI><a href="#[30]">&gt;&gt;</a>&nbsp;&nbsp;&nbsp;ReceivePacket
</UL>

<P><STRONG><a name="[30]"></a>ReceivePacket</STRONG> (Thumb, 128 bytes, Stack size 24 bytes, bl_packet.o(i.ReceivePacket))
<BR><BR>[Stack]<UL><LI>Max Depth = 36<LI>Call Chain = ReceivePacket &rArr; UARTReceive
</UL>
<BR>[Calls]<UL><LI><a href="#[31]">&gt;&gt;</a>&nbsp;&nbsp;&nbsp;UARTReceive
<LI><a href="#[2f]">&gt;&gt;</a>&nbsp;&nbsp;&nbsp;NakPacket
<LI><a href="#[32]">&gt;&gt;</a>&nbsp;&nbsp;&nbsp;CheckSum
</UL>
<BR>[Called By]<UL><LI><a href="#[d]">&gt;&gt;</a>&nbsp;&nbsp;&nbsp;Updater
</UL>

<P><STRONG><a name="[14]"></a>Reset_HD7279</STRONG> (Thumb, 72 bytes, Stack size 16 bytes, disp.o(i.Reset_HD7279))
<BR><BR>[Stack]<UL><LI>Max Depth = 16<LI>Call Chain = Reset_HD7279
</UL>
<BR>[Calls]<UL><LI><a href="#[a]">&gt;&gt;</a>&nbsp;&nbsp;&nbsp;SysCtlDelay
<LI><a href="#[1c]">&gt;&gt;</a>&nbsp;&nbsp;&nbsp;SSIDataPut
<LI><a href="#[1b]">&gt;&gt;</a>&nbsp;&nbsp;&nbsp;SSIDataLen
<LI><a href="#[28]">&gt;&gt;</a>&nbsp;&nbsp;&nbsp;GPIOPinWrite
</UL>
<BR>[Called By]<UL><LI><a href="#[c]">&gt;&gt;</a>&nbsp;&nbsp;&nbsp;ConfigureDevice
</UL>

<P><STRONG><a name="[29]"></a>SSIConfigSetExpClk</STRONG> (Thumb, 70 bytes, Stack size 16 bytes, bl_main.o(i.SSIConfigSetExpClk))
<BR><BR>[Stack]<UL><LI>Max Depth = 16<LI>Call Chain = SSIConfigSetExpClk
</UL>
<BR>[Called By]<UL><LI><a href="#[13]">&gt;&gt;</a>&nbsp;&nbsp;&nbsp;Init_Ssi
</UL>

<P><STRONG><a name="[1b]"></a>SSIDataLen</STRONG> (Thumb, 18 bytes, Stack size 0 bytes, disp.o(i.SSIDataLen))
<BR><BR>[Calls]<UL><LI><a href="#[1b]">&gt;&gt;</a>&nbsp;&nbsp;&nbsp;SSIDataLen
</UL>
<BR>[Called By]<UL><LI><a href="#[1b]">&gt;&gt;</a>&nbsp;&nbsp;&nbsp;SSIDataLen
<LI><a href="#[1a]">&gt;&gt;</a>&nbsp;&nbsp;&nbsp;Disp_Data
<LI><a href="#[14]">&gt;&gt;</a>&nbsp;&nbsp;&nbsp;Reset_HD7279
</UL>

<P><STRONG><a name="[1c]"></a>SSIDataPut</STRONG> (Thumb, 10 bytes, Stack size 0 bytes, disp.o(i.SSIDataPut))
<BR><BR>[Calls]<UL><LI><a href="#[1c]">&gt;&gt;</a>&nbsp;&nbsp;&nbsp;SSIDataPut
</UL>
<BR>[Called By]<UL><LI><a href="#[1c]">&gt;&gt;</a>&nbsp;&nbsp;&nbsp;SSIDataPut
<LI><a href="#[1a]">&gt;&gt;</a>&nbsp;&nbsp;&nbsp;Disp_Data
<LI><a href="#[14]">&gt;&gt;</a>&nbsp;&nbsp;&nbsp;Reset_HD7279
</UL>

<P><STRONG><a name="[2a]"></a>SSIEnable</STRONG> (Thumb, 10 bytes, Stack size 0 bytes, bl_main.o(i.SSIEnable))
<BR><BR>[Called By]<UL><LI><a href="#[13]">&gt;&gt;</a>&nbsp;&nbsp;&nbsp;Init_Ssi
</UL>

<P><STRONG><a name="[33]"></a>SendPacket</STRONG> (Thumb, 80 bytes, Stack size 24 bytes, bl_packet.o(i.SendPacket))
<BR><BR>[Stack]<UL><LI>Max Depth = 36<LI>Call Chain = SendPacket &rArr; UARTReceive
</UL>
<BR>[Calls]<UL><LI><a href="#[10]">&gt;&gt;</a>&nbsp;&nbsp;&nbsp;UARTSend
<LI><a href="#[31]">&gt;&gt;</a>&nbsp;&nbsp;&nbsp;UARTReceive
<LI><a href="#[32]">&gt;&gt;</a>&nbsp;&nbsp;&nbsp;CheckSum
</UL>
<BR>[Called By]<UL><LI><a href="#[d]">&gt;&gt;</a>&nbsp;&nbsp;&nbsp;Updater
</UL>

<P><STRONG><a name="[25]"></a>SysCtlPeripheralEnable</STRONG> (Thumb, 36 bytes, Stack size 0 bytes, sysctl.o(i.SysCtlPeripheralEnable))
<BR><BR>[Called By]<UL><LI><a href="#[12]">&gt;&gt;</a>&nbsp;&nbsp;&nbsp;Init_Gpio
</UL>

<P><STRONG><a name="[2c]"></a>SysTickEnable</STRONG> (Thumb, 14 bytes, Stack size 0 bytes, systick.o(i.SysTickEnable))
<BR><BR>[Called By]<UL><LI><a href="#[16]">&gt;&gt;</a>&nbsp;&nbsp;&nbsp;Init_SysTick
</UL>

<P><STRONG><a name="[2d]"></a>SysTickIntEnable</STRONG> (Thumb, 14 bytes, Stack size 0 bytes, systick.o(i.SysTickIntEnable))
<BR><BR>[Called By]<UL><LI><a href="#[16]">&gt;&gt;</a>&nbsp;&nbsp;&nbsp;Init_SysTick
</UL>

<P><STRONG><a name="[5]"></a>SysTickIntHandler</STRONG> (Thumb, 52 bytes, Stack size 8 bytes, bl_main.o(i.SysTickIntHandler))
<BR><BR>[Stack]<UL><LI>Max Depth = 8<LI>Call Chain = SysTickIntHandler
</UL>
<BR>[Calls]<UL><LI><a href="#[28]">&gt;&gt;</a>&nbsp;&nbsp;&nbsp;GPIOPinWrite
<LI><a href="#[34]">&gt;&gt;</a>&nbsp;&nbsp;&nbsp;GPIOPinRead
</UL>
<BR>[Address Reference Count : 1]<UL><LI> bl_startup_rvmdk.o(RESET)
</UL>
<P><STRONG><a name="[2b]"></a>SysTickPeriodSet</STRONG> (Thumb, 10 bytes, Stack size 0 bytes, systick.o(i.SysTickPeriodSet))
<BR><BR>[Called By]<UL><LI><a href="#[16]">&gt;&gt;</a>&nbsp;&nbsp;&nbsp;Init_SysTick
</UL>

<P><STRONG><a name="[35]"></a>UARTFlush</STRONG> (Thumb, 16 bytes, Stack size 0 bytes, bl_uart.o(i.UARTFlush))
<BR><BR>[Called By]<UL><LI><a href="#[10]">&gt;&gt;</a>&nbsp;&nbsp;&nbsp;UARTSend
<LI><a href="#[d]">&gt;&gt;</a>&nbsp;&nbsp;&nbsp;Updater
</UL>

<P><STRONG><a name="[31]"></a>UARTReceive</STRONG> (Thumb, 46 bytes, Stack size 12 bytes, bl_uart.o(i.UARTReceive))
<BR><BR>[Stack]<UL><LI>Max Depth = 12<LI>Call Chain = UARTReceive
</UL>
<BR>[Called By]<UL><LI><a href="#[33]">&gt;&gt;</a>&nbsp;&nbsp;&nbsp;SendPacket
<LI><a href="#[30]">&gt;&gt;</a>&nbsp;&nbsp;&nbsp;ReceivePacket
</UL>

<P><STRONG><a name="[10]"></a>UARTSend</STRONG> (Thumb, 38 bytes, Stack size 0 bytes, bl_uart.o(i.UARTSend))
<BR><BR>[Calls]<UL><LI><a href="#[35]">&gt;&gt;</a>&nbsp;&nbsp;&nbsp;UARTFlush
</UL>
<BR>[Called By]<UL><LI><a href="#[2f]">&gt;&gt;</a>&nbsp;&nbsp;&nbsp;NakPacket
<LI><a href="#[33]">&gt;&gt;</a>&nbsp;&nbsp;&nbsp;SendPacket
<LI><a href="#[f]">&gt;&gt;</a>&nbsp;&nbsp;&nbsp;AckPacket
</UL>

<P><STRONG><a name="[d]"></a>Updater</STRONG> (Thumb, 530 bytes, Stack size 8 bytes, bl_main.o(i.Updater))
<BR><BR>[Stack]<UL><LI>Max Depth = 44<LI>Call Chain = Updater &rArr; SendPacket &rArr; UARTReceive
</UL>
<BR>[Calls]<UL><LI><a href="#[35]">&gt;&gt;</a>&nbsp;&nbsp;&nbsp;UARTFlush
<LI><a href="#[33]">&gt;&gt;</a>&nbsp;&nbsp;&nbsp;SendPacket
<LI><a href="#[30]">&gt;&gt;</a>&nbsp;&nbsp;&nbsp;ReceivePacket
<LI><a href="#[15]">&gt;&gt;</a>&nbsp;&nbsp;&nbsp;Disp_Boot
<LI><a href="#[19]">&gt;&gt;</a>&nbsp;&nbsp;&nbsp;Disp_Blank
<LI><a href="#[f]">&gt;&gt;</a>&nbsp;&nbsp;&nbsp;AckPacket
<LI><a href="#[36]">&gt;&gt;</a>&nbsp;&nbsp;&nbsp;BLInternalFlashStartAddrCheck
</UL>
<BR>[Called By]<UL><LI><a href="#[7]">&gt;&gt;</a>&nbsp;&nbsp;&nbsp;UpdateHandler_In_SRAM
<LI><a href="#[6]">&gt;&gt;</a>&nbsp;&nbsp;&nbsp;Reset_Handler_In_SRAM
</UL>
<P>
<H3>
Local Symbols
</H3>
<P><STRONG><a name="[6]"></a>Reset_Handler_In_SRAM</STRONG> (Thumb, 0 bytes, Stack size unknown bytes, bl_startup_rvmdk.o(.text))
<BR><BR>[Stack]<UL><LI>Max Depth = 84 + Unknown Stack Size
<LI>Call Chain = Reset_Handler_In_SRAM &rArr; ConfigureDevice &rArr; Init_Gpio &rArr; GPIOPinTypeUART &rArr; GPIOPadConfigSet
</UL>
<BR>[Calls]<UL><LI><a href="#[d]">&gt;&gt;</a>&nbsp;&nbsp;&nbsp;Updater
<LI><a href="#[c]">&gt;&gt;</a>&nbsp;&nbsp;&nbsp;ConfigureDevice
<LI><a href="#[b]">&gt;&gt;</a>&nbsp;&nbsp;&nbsp;CheckForceUpdate
</UL>
<BR>[Address Reference Count : 1]<UL><LI> bl_startup_rvmdk.o(RESET)
</UL>
<P><STRONG><a name="[7]"></a>UpdateHandler_In_SRAM</STRONG> (Thumb, 0 bytes, Stack size unknown bytes, bl_startup_rvmdk.o(.text))
<BR><BR>[Stack]<UL><LI>Max Depth = 44 + Unknown Stack Size
<LI>Call Chain = UpdateHandler_In_SRAM &rArr; Updater &rArr; SendPacket &rArr; UARTReceive
</UL>
<BR>[Calls]<UL><LI><a href="#[d]">&gt;&gt;</a>&nbsp;&nbsp;&nbsp;Updater
</UL>
<BR>[Address Reference Count : 1]<UL><LI> bl_startup_rvmdk.o(RESET)
</UL>
<P><STRONG><a name="[3]"></a>IntDefaultHandler</STRONG> (Thumb, 0 bytes, Stack size unknown bytes, bl_startup_rvmdk.o(.text))
<BR><BR>[Calls]<UL><LI><a href="#[3]">&gt;&gt;</a>&nbsp;&nbsp;&nbsp;IntDefaultHandler
</UL>
<BR>[Called By]<UL><LI><a href="#[3]">&gt;&gt;</a>&nbsp;&nbsp;&nbsp;IntDefaultHandler
</UL>
<BR>[Address Reference Count : 1]<UL><LI> bl_startup_rvmdk.o(RESET)
</UL>
<P><STRONG><a name="[1]"></a>NmiSR</STRONG> (Thumb, 0 bytes, Stack size unknown bytes, bl_startup_rvmdk.o(RESET))
<BR><BR>[Calls]<UL><LI><a href="#[1]">&gt;&gt;</a>&nbsp;&nbsp;&nbsp;NmiSR
</UL>
<BR>[Called By]<UL><LI><a href="#[1]">&gt;&gt;</a>&nbsp;&nbsp;&nbsp;NmiSR
</UL>
<BR>[Address Reference Count : 1]<UL><LI> bl_startup_rvmdk.o(RESET)
</UL>
<P><STRONG><a name="[2]"></a>FaultISR</STRONG> (Thumb, 0 bytes, Stack size unknown bytes, bl_startup_rvmdk.o(RESET))
<BR><BR>[Calls]<UL><LI><a href="#[2]">&gt;&gt;</a>&nbsp;&nbsp;&nbsp;FaultISR
</UL>
<BR>[Called By]<UL><LI><a href="#[2]">&gt;&gt;</a>&nbsp;&nbsp;&nbsp;FaultISR
</UL>
<BR>[Address Reference Count : 1]<UL><LI> bl_startup_rvmdk.o(RESET)
</UL>
<P><STRONG><a name="[4]"></a>UpdateHandler</STRONG> (Thumb, 0 bytes, Stack size unknown bytes, bl_startup_rvmdk.o(RESET))
<BR><BR>[Calls]<UL><LI><a href="#[9]">&gt;&gt;</a>&nbsp;&nbsp;&nbsp;ProcessorInit
</UL>
<BR>[Address Reference Count : 1]<UL><LI> bl_startup_rvmdk.o(RESET)
</UL><P>
<H3>
Undefined Global Symbols
</H3><HR></body></html>
