<html>
<body>
<pre>
<h1>µVision Build Log</h1>
<h2>Project:</h2>
E:\WORK\ZL\TM4C123BH6PGE-V1.0.0-TEST\TM4C123BootLoader\UART_bootloader\Project_MDK\TM4C123UBoot.uvproj
Project File Date:  06/18/2015

<h2>Output:</h2>
Build target 'TM4C123UBoot'
Before Build - User command #1: armcc --device DLM -I . -E -o ..\User_h\bl_config.inc ..\User_C\bl_config.c
compiling bl_autobaud.c...
compiling bl_can.c...
compiling bl_check.c...
compiling bl_crc32.c...
compiling bl_decrypt.c...
compiling bl_emac.c...
compiling bl_flash.c...
compiling bl_main.c...
compiling bl_packet.c...
compiling bl_i2c.c...
compiling bl_ssi.c...
compiling bl_uart.c...
compiling bl_usb.c...
compiling bl_usbfuncs.c...
assembling bl_startup_rvmdk.S...
linking...
Program Size: Code=4916 RO-data=836 RW-data=40 ZI-data=1616  
After Build - User command #1: fromelf --bin --output ..\Project_MDK\output\UBoot.bin ..\Project_MDK\UBoot.axf
".\UBoot.axf" - 0 Error(s), 0 Warning(s).
</pre>
</body>
</html>
.
 
JLink info:
------------
DLL: V4.80g, compiled Feb 13 2014 20:50:02
Firmware: J-Link ARM V8 compiled Jan 31 2018 18:34:52
Hardware: V8.00
S/N : 20080643 
Feature(s) : RDI,FlashDL,FlashBP,JFlash,GDBFull 
 
***JLink Error: Supply voltage too low (1 Volt is required, Measured: 0.0 Volt).
Please check target power.
Error: Flash Download failed  -  Target DLL has been cancelled
Load "E:\\WORK\\ZL\\TM4C123BH6PGE-V1.0.0-TEST\\TM4C123BootLoader\\UART_bootloader\\Project_MDK\\UBoot.axf" 
* JLink Info: Device "UNSPECIFIED" selected (0 KB flash, 0 KB RAM).
Set JLink Project File to "E:\WORK\ZL\TM4C123BH6PGE-V1.0.0-TEST\TM4C123BootLoader\UART_bootloader\Project_MDK\JLinkSettings.ini"
* JLink Info: Device "UNSPECIFIED" selected (0 KB flash, 0 KB RAM).
 
JLink info:
------------
DLL: V4.80g, compiled Feb 13 2014 20:50:02
Firmware: J-Link ARM V8 compiled Jan 31 2018 18:34:52
Hardware: V8.00
S/N : 20080643 
Feature(s) : RDI,FlashDL,FlashBP,JFlash,GDBFull 
 
* JLink Info: Found SWD-DP with ID 0x2BA01477
* JLink Info: Found Cortex-M4 r0p1, Little endian.
* JLink Info: FPUnit: 6 code (BP) slots and 2 literal slots
* JLink Info: TPIU fitted.
* JLink Info: ETM fitted.
ROMTableAddr = 0xE00FF003
 
Target info:
------------
Device: TM4C123BH6PGE
VTarget = 3.293V
State of Pins: 
TCK: 0, TDI: 1, TDO: 0, TMS: 0, TRES: 1, TRST: 0
Hardware-Breakpoints: 6
Software-Breakpoints: 8192
Watchpoints:          4
JTAG speed: 1000 kHz
 
Full Chip Erase Done.
Programming Done.
Verify OK.
Application running ...
