<html>
<body>
<pre>
<h1>礦ision Build Log</h1>
<h2>Project:</h2>
D:\zlz\校验台改造\program\TM4C123BH6PGE-V1.0.0-TEST\TM4C123BootLoader\CAN_bootloader\Project_MDK\CBOOT.uvproj
Project File Date:  03/17/2015

<h2>Output:</h2>
Rebuild target 'Target 1'
Before Build - User command #1: armcc --device DLM -I . -E -o ..\User_h\bl_config.inc ..\User_C\bl_config.c
--- Error: User Command terminated, Exit-Code = 1
compiling bl_can.c...
compiling bl_check.c...
compiling bl_flash.c...
compiling bl_packet.c...
compiling DISP.C...
compiling gpio.c...
compiling sysctl.c...
compiling systick.c...
compiling interrupt.c...
compiling cpu.c...
assembling bl_startup_rvmdk.S...
".\CBOOT.axf" - 1 Errors, 0 Warning(s).
Target not created
Rebuild target 'Target 1'
Before Build - User command #1: armcc --device DLM -I . -E -o ..\User_h\bl_config.inc ..\User_C\bl_config.c
compiling bl_can.c...
compiling bl_check.c...
compiling bl_flash.c...
compiling bl_packet.c...
compiling DISP.C...
compiling gpio.c...
compiling sysctl.c...
compiling systick.c...
compiling interrupt.c...
compiling cpu.c...
assembling bl_startup_rvmdk.S...
linking...
Program Size: Code=8380 RO-data=1284 RW-data=1196 ZI-data=1616  
After Build - User command #1: fromelf --bin --output ..\Project_MDK\output\CBoot.bin ..\Project_MDK\CBOOT.axf
".\CBOOT.axf" - 0 Errors, 0 Warning(s).
Rebuild target 'Target 1'
Before Build - User command #1: armcc --device DLM -I . -E -o ..\User_h\bl_config.inc ..\User_C\bl_config.c
compiling bl_can.c...
compiling bl_check.c...
compiling bl_flash.c...
compiling bl_packet.c...
compiling DISP.C...
compiling gpio.c...
compiling sysctl.c...
compiling systick.c...
compiling interrupt.c...
compiling cpu.c...
assembling bl_startup_rvmdk.S...
linking...
Program Size: Code=10068 RO-data=1284 RW-data=1556 ZI-data=1616  
After Build - User command #1: fromelf --bin --output ..\Project_MDK\output\CBoot.bin ..\Project_MDK\CBOOT.axf
".\CBOOT.axf" - 0 Errors, 0 Warning(s).
Rebuild target 'Target 1'
Before Build - User command #1: armcc --device DLM -I . -E -o ..\User_h\bl_config.inc ..\User_C\bl_config.c
compiling bl_can.c...
compiling bl_check.c...
compiling bl_flash.c...
compiling bl_packet.c...
compiling DISP.C...
compiling gpio.c...
compiling sysctl.c...
compiling systick.c...
compiling interrupt.c...
compiling cpu.c...
assembling bl_startup_rvmdk.S...
linking...
Program Size: Code=8380 RO-data=1284 RW-data=1196 ZI-data=1616  
After Build - User command #1: fromelf --bin --output ..\Project_MDK\output\CBoot.bin ..\Project_MDK\CBOOT.axf
".\CBOOT.axf" - 0 Errors, 0 Warning(s).
