Component: ARM Compiler 5.06 update 4 (build 422) Tool: armlink [4d35d2]

==============================================================================

Section Cross References

    ssi.o(i.SSIIntRegister) refers to ssi.o(i._SSIIntNumberGet) for _SSIIntNumberGet
    ssi.o(i.SSIIntRegister) refers to interrupt.o(i.IntRegister) for IntRegister
    ssi.o(i.SSIIntRegister) refers to interrupt.o(i.IntEnable) for IntEnable
    ssi.o(i.SSIIntUnregister) refers to ssi.o(i._SSIIntNumberGet) for _SSIIntNumberGet
    ssi.o(i.SSIIntUnregister) refers to interrupt.o(i.IntDisable) for IntDisable
    ssi.o(i.SSIIntUnregister) refers to interrupt.o(i.IntUnregister) for IntUnregister
    ssi.o(i._SSIIntNumberGet) refers to ssi.o(.constdata) for g_ppui32SSIIntMap
    sysctl.o(i.SysCtlClockFreqSet) refers to sysctl.o(i._SysCtlMemTimingGet) for _SysCtlMemTimingGet
    sysctl.o(i.SysCtlClockFreqSet) refers to sysctl.o(i._SysCtlFrequencyGet) for _SysCtlFrequencyGet
    sysctl.o(i.SysCtlClockFreqSet) refers to sysctl.o(.constdata) for g_pui32Xtals
    sysctl.o(i.SysCtlClockGet) refers to sysctl.o(.constdata) for g_pui32Xtals
    sysctl.o(i.SysCtlClockSet) refers to sysctl.o(.emb_text) for SysCtlDelay
    sysctl.o(i.SysCtlClockSet) refers to vari.o(.data) for SysRCC_CFG
    sysctl.o(i.SysCtlDeepSleep) refers to cpu.o(.emb_text) for CPUwfi
    sysctl.o(i.SysCtlDeepSleepClockConfigSet) refers to sysctl.o(i._SysCtlMemTimingGet) for _SysCtlMemTimingGet
    sysctl.o(i.SysCtlIntRegister) refers to interrupt.o(i.IntRegister) for IntRegister
    sysctl.o(i.SysCtlIntRegister) refers to interrupt.o(i.IntEnable) for IntEnable
    sysctl.o(i.SysCtlIntUnregister) refers to interrupt.o(i.IntDisable) for IntDisable
    sysctl.o(i.SysCtlIntUnregister) refers to interrupt.o(i.IntUnregister) for IntUnregister
    sysctl.o(i.SysCtlSleep) refers to cpu.o(.emb_text) for CPUwfi
    sysctl.o(i._SysCtlMemTimingGet) refers to sysctl.o(.constdata) for g_sXTALtoMEMTIM
    sysexc.o(i.SysExcIntRegister) refers to sysexc.o(i._SysExcIntNumberGet) for _SysExcIntNumberGet
    sysexc.o(i.SysExcIntRegister) refers to interrupt.o(i.IntRegister) for IntRegister
    sysexc.o(i.SysExcIntRegister) refers to interrupt.o(i.IntEnable) for IntEnable
    sysexc.o(i.SysExcIntUnregister) refers to sysexc.o(i._SysExcIntNumberGet) for _SysExcIntNumberGet
    sysexc.o(i.SysExcIntUnregister) refers to interrupt.o(i.IntDisable) for IntDisable
    sysexc.o(i.SysExcIntUnregister) refers to interrupt.o(i.IntUnregister) for IntUnregister
    systick.o(i.SysTickIntRegister) refers to interrupt.o(i.IntRegister) for IntRegister
    systick.o(i.SysTickIntUnregister) refers to interrupt.o(i.IntUnregister) for IntUnregister
    timer.o(i.TimerIntRegister) refers to timer.o(i._TimerIntNumberGet) for _TimerIntNumberGet
    timer.o(i.TimerIntRegister) refers to interrupt.o(i.IntRegister) for IntRegister
    timer.o(i.TimerIntRegister) refers to interrupt.o(i.IntEnable) for IntEnable
    timer.o(i.TimerIntUnregister) refers to timer.o(i._TimerIntNumberGet) for _TimerIntNumberGet
    timer.o(i.TimerIntUnregister) refers to interrupt.o(i.IntDisable) for IntDisable
    timer.o(i.TimerIntUnregister) refers to interrupt.o(i.IntUnregister) for IntUnregister
    timer.o(i._TimerIntNumberGet) refers to timer.o(.constdata) for g_ppui32TimerIntMap
    uart.o(i.UARTConfigSetExpClk) refers to uart.o(i.UARTDisable) for UARTDisable
    uart.o(i.UARTConfigSetExpClk) refers to uart.o(i.UARTEnable) for UARTEnable
    uart.o(i.UARTIntRegister) refers to uart.o(i._UARTIntNumberGet) for _UARTIntNumberGet
    uart.o(i.UARTIntRegister) refers to interrupt.o(i.IntRegister) for IntRegister
    uart.o(i.UARTIntRegister) refers to interrupt.o(i.IntEnable) for IntEnable
    uart.o(i.UARTIntUnregister) refers to uart.o(i._UARTIntNumberGet) for _UARTIntNumberGet
    uart.o(i.UARTIntUnregister) refers to interrupt.o(i.IntDisable) for IntDisable
    uart.o(i.UARTIntUnregister) refers to interrupt.o(i.IntUnregister) for IntUnregister
    uart.o(i._UARTIntNumberGet) refers to uart.o(.constdata) for g_ppui32UARTIntMap
    udma.o(i.uDMAIntRegister) refers to interrupt.o(i.IntRegister) for IntRegister
    udma.o(i.uDMAIntRegister) refers to interrupt.o(i.IntEnable) for IntEnable
    udma.o(i.uDMAIntUnregister) refers to interrupt.o(i.IntDisable) for IntDisable
    udma.o(i.uDMAIntUnregister) refers to interrupt.o(i.IntUnregister) for IntUnregister
    watchdog.o(i.WatchdogIntRegister) refers to interrupt.o(i.IntRegister) for IntRegister
    watchdog.o(i.WatchdogIntRegister) refers to interrupt.o(i.IntEnable) for IntEnable
    watchdog.o(i.WatchdogIntUnregister) refers to interrupt.o(i.IntDisable) for IntDisable
    watchdog.o(i.WatchdogIntUnregister) refers to interrupt.o(i.IntUnregister) for IntUnregister
    can.o(i.CANBitRateSet) refers to can.o(.constdata) for g_ui16CANBitValues
    can.o(i.CANIntRegister) refers to can.o(i._CANIntNumberGet) for _CANIntNumberGet
[...]
    i.Timer3AIntHandler                      0x00003ec4   Section        0  interrupt_api.o(i.Timer3AIntHandler)
    i.Timer3BIntHandler                      0x00003f24   Section        0  interrupt_api.o(i.Timer3BIntHandler)
    i.Timer4AIntHandler                      0x00003f78   Section        0  interrupt_api.o(i.Timer4AIntHandler)
    i.Timer4BIntHandler                      0x00003fec   Section        0  interrupt_api.o(i.Timer4BIntHandler)
    i.Timer5AIntHandler                      0x00004080   Section        0  interrupt_api.o(i.Timer5AIntHandler)
    i.TimerConfigure                         0x0000410c   Section        0  timer.o(i.TimerConfigure)
    i.TimerControlEvent                      0x0000416c   Section        0  timer.o(i.TimerControlEvent)
    i.TimerControlStall                      0x00004182   Section        0  timer.o(i.TimerControlStall)
    i.TimerDisable                           0x00004198   Section        0  timer.o(i.TimerDisable)
    i.TimerEnable                            0x000041a6   Section        0  timer.o(i.TimerEnable)
    i.TimerIntClear                          0x000041b4   Section        0  timer.o(i.TimerIntClear)
    i.TimerIntEnable                         0x000041b8   Section        0  timer.o(i.TimerIntEnable)
    i.TimerIntStatus                         0x000041c0   Section        0  timer.o(i.TimerIntStatus)
    i.TimerLoadSet                           0x000041cc   Section        0  timer.o(i.TimerLoadSet)
    i.TimerMatchSet                          0x000041dc   Section        0  timer.o(i.TimerMatchSet)
    i.TimerValueGet                          0x000041ec   Section        0  timer.o(i.TimerValueGet)
    i.UART0IntHandler                        0x000041fc   Section        0  interrupt_api.o(i.UART0IntHandler)
    i.UART1IntHandler                        0x00004348   Section        0  interrupt_api.o(i.UART1IntHandler)
    i.UART3IntHandler                        0x00004494   Section        0  interrupt_api.o(i.UART3IntHandler)
    i.UART5IntHandler                        0x000045e0   Section        0  interrupt_api.o(i.UART5IntHandler)
    i.UART6IntHandler                        0x0000472c   Section        0  interrupt_api.o(i.UART6IntHandler)
    i.UARTCharGet                            0x00004878   Section        0  uart.o(i.UARTCharGet)
    i.UARTCharPut                            0x0000488a   Section        0  uart.o(i.UARTCharPut)
    i.UARTCharsAvail                         0x0000489a   Section        0  uart.o(i.UARTCharsAvail)
    i.UARTConfigSetExpClk                    0x000048a6   Section        0  uart.o(i.UARTConfigSetExpClk)
    i.UARTDisable                            0x000048f2   Section        0  uart.o(i.UARTDisable)
    i.UARTEnable                             0x00004912   Section        0  uart.o(i.UARTEnable)
    i.UARTFIFOLevelSet                       0x00004926   Section        0  uart.o(i.UARTFIFOLevelSet)
    i.UARTIntClear                           0x0000492e   Section        0  uart.o(i.UARTIntClear)
    i.UARTIntEnable                          0x00004932   Section        0  uart.o(i.UARTIntEnable)
    i.UARTIntStatus                          0x0000493a   Section        0  uart.o(i.UARTIntStatus)
    i.Update_Mtr_Num                         0x00004948   Section        0  disp.o(i.Update_Mtr_Num)
    i.Update_N_Buf                           0x000049b4   Section        0  disp.o(i.Update_N_Buf)
    i.WDTFeed                                0x00004a50   Section        0  usr_lib.o(i.WDTFeed)
    i.WatchDogHandler                        0x00004a68   Section        0  interrupt_api.o(i.WatchDogHandler)
    i.WatchdogEnable                         0x00004a74   Section        0  watchdog.o(i.WatchdogEnable)
    i.WatchdogIntClear                       0x00004a7e   Section        0  watchdog.o(i.WatchdogIntClear)
    i.WatchdogReloadGet                      0x00004a84   Section        0  watchdog.o(i.WatchdogReloadGet)
    i.WatchdogReloadSet                      0x00004a8a   Section        0  watchdog.o(i.WatchdogReloadSet)
    i.WatchdogResetEnable                    0x00004a8e   Section        0  watchdog.o(i.WatchdogResetEnable)
    i.WatchdogStallEnable                    0x00004a98   Section        0  watchdog.o(i.WatchdogStallEnable)
    i.WatchdogUnlock                         0x00004aa8   Section        0  watchdog.o(i.WatchdogUnlock)
    i.__0sprintf                             0x00004ab4   Section        0  printfa.o(i.__0sprintf)
    i.__scatterload_copy                     0x00004adc   Section       14  handlers.o(i.__scatterload_copy)
    i.__scatterload_null                     0x00004aea   Section        2  handlers.o(i.__scatterload_null)
    i.__scatterload_zeroinit                 0x00004aec   Section       14  handlers.o(i.__scatterload_zeroinit)
    i._fp_digits                             0x00004afc   Section        0  printfa.o(i._fp_digits)
    _fp_digits                               0x00004afd   Thumb Code   366  printfa.o(i._fp_digits)
    i._printf_core                           0x00004c80   Section        0  printfa.o(i._printf_core)
    _printf_core                             0x00004c81   Thumb Code  1744  printfa.o(i._printf_core)
    i._printf_post_padding                   0x0000535c   Section        0  printfa.o(i._printf_post_padding)
    _printf_post_padding                     0x0000535d   Thumb Code    36  printfa.o(i._printf_post_padding)
    i._printf_pre_padding                    0x00005380   Section        0  printfa.o(i._printf_pre_padding)
    _printf_pre_padding                      0x00005381   Thumb Code    46  printfa.o(i._printf_pre_padding)
    i._sputc                                 0x000053ae   Section        0  printfa.o(i._sputc)
    _sputc                                   0x000053af   Thumb Code    10  printfa.o(i._sputc)
    i.main                                   0x000053b8   Section        0  main.o(i.main)
    .constdata                               0x00005414   Section      460  sysctl.o(.constdata)
    g_pui32Xtals                             0x00005414   Data         108  sysctl.o(.constdata)
    g_pppui32XTALtoVCO                       0x00005480   Data         288  sysctl.o(.constdata)
    g_sXTALtoMEMTIM                          0x000055a0   Data          56  sysctl.o(.constdata)
    g_pui32VCOFrequencies                    0x000055d8   Data           8  sysctl.o(.constdata)
    .constdata                               0x000055e0   Section       32  can.o(.constdata)
    g_ui16CANBitValues                       0x000055e0   Data          32  can.o(.constdata)
    .constdata                               0x00005600   Section      528  gpio.o(.constdata)
    g_ppui32GPIOIntMapBlizzard               0x00005600   Data         192  gpio.o(.constdata)
    g_ppui32GPIOIntMapSnowflake              0x000056c0   Data         192  gpio.o(.constdata)
    g_pui32GPIOBaseAddrs                     0x00005780   Data         144  gpio.o(.constdata)
    .constdata                               0x00005810   Section      268  interrupt.o(.constdata)
    g_pui32Priority                          0x00005810   Data          32  interrupt.o(.constdata)
    g_pui32Regs                              0x00005830   Data         156  interrupt.o(.constdata)
    g_pui32EnRegs                            0x000058cc   Data          20  interrupt.o(.constdata)
    g_pui32Dii16Regs                         0x000058e0   Data          20  interrupt.o(.constdata)
    g_pui32PendRegs                          0x000058f4   Data          20  interrupt.o(.constdata)
    g_pui32UnpendRegs                        0x00005908   Data          20  interrupt.o(.constdata)
    .constdata                               0x0000591c   Section      228  init.o(.constdata)
    .constdata                               0x00005a00   Section       32  uart_api.o(.constdata)
    .constdata                               0x00005a20   Section      160  eng_err.o(.constdata)
    .data                                    0x20000000   Section      392  bitvari.o(.data)
    .data                                    0x20000188   Section      686  vari.o(.data)
    .bss                                     0x20000438   Section    19408  vari.o(.bss)
    STACK                                    0x20005008   Section     1024  startup_rvmdk.o(STACK)
    StackMem                                 0x20005008   Data           0  startup_rvmdk.o(STACK)

    Global Symbols

    Symbol Name                              Value     Ov Type        Size  Object(Section)

    BuildAttributes$$THM_ISAv4$E$P$D$K$B$S$7EM$PE$A:L22UL41UL21$X:L11$S22US41US21$IEEE1$IW$USESV6$~STKCKD$USESV7$~SHL$OTIME$ROPI$EBA8$MICROLIB$REQ8$PRES8$EABIv2 0x00000000   Number         0  anon$$obj.o ABSOLUTE
    __ARM_use_no_argv                        0x00000000   Number         0  main.o ABSOLUTE
    __Vectors                                0x00000000   Data           0  startup_rvmdk.o(RESET)
    _printf_a                                0x00000000   Number         0  stubs.o ABSOLUTE
    _printf_c                                0x00000000   Number         0  stubs.o ABSOLUTE
    _printf_charcount                        0x00000000   Number         0  stubs.o ABSOLUTE
    _printf_d                                0x00000000   Number         0  stubs.o ABSOLUTE
    _printf_e                                0x00000000   Number         0  stubs.o ABSOLUTE
    _printf_f                                0x00000000   Number         0  stubs.o ABSOLUTE
    _printf_flags                            0x00000000   Number         0  stubs.o ABSOLUTE
    _printf_fp_dec                           0x00000000   Number         0  stubs.o ABSOLUTE
    _printf_fp_hex                           0x00000000   Number         0  stubs.o ABSOLUTE
    _printf_g                                0x00000000   Number         0  stubs.o ABSOLUTE
    _printf_i                                0x00000000   Number         0  stubs.o ABSOLUTE
    _printf_int_dec                          0x00000000   Number         0  stubs.o ABSOLUTE
    _printf_l                                0x00000000   Number         0  stubs.o ABSOLUTE
    _printf_lc                               0x00000000   Number         0  stubs.o ABSOLUTE
    _printf_ll                               0x00000000   Number         0  stubs.o ABSOLUTE
    _printf_lld                              0x00000000   Number         0  stubs.o ABSOLUTE
    _printf_lli                              0x00000000   Number         0  stubs.o ABSOLUTE
    _printf_llo                              0x00000000   Number         0  stubs.o ABSOLUTE
    _printf_llu                              0x00000000   Number         0  stubs.o ABSOLUTE
    _printf_llx                              0x00000000   Number         0  stubs.o ABSOLUTE
    _printf_longlong_dec                     0x00000000   Number         0  stubs.o ABSOLUTE
    _printf_longlong_hex                     0x00000000   Number         0  stubs.o ABSOLUTE
    _printf_longlong_oct                     0x00000000   Number         0  stubs.o ABSOLUTE
    _printf_ls                               0x00000000   Number         0  stubs.o ABSOLUTE
    _printf_mbtowc                           0x00000000   Number         0  stubs.o ABSOLUTE
    _printf_n                                0x00000000   Number         0  stubs.o ABSOLUTE
    _printf_o                                0x00000000   Number         0  stubs.o ABSOLUTE
    _printf_p                                0x00000000   Number         0  stubs.o ABSOLUTE
    _printf_percent                          0x00000000   Number         0  stubs.o ABSOLUTE
    _printf_pre_padding                      0x00000000   Number         0  stubs.o ABSOLUTE
    _printf_return_value                     0x00000000   Number         0  stubs.o ABSOLUTE
    _printf_s                                0x00000000   Number         0  stubs.o ABSOLUTE
    _printf_sizespec                         0x00000000   Number         0  stubs.o ABSOLUTE
    _printf_str                              0x00000000   Number         0  stubs.o ABSOLUTE
    _printf_truncate_signed                  0x00000000   Number         0  stubs.o ABSOLUTE
    _printf_truncate_unsigned                0x00000000   Number         0  stubs.o ABSOLUTE
    _printf_u                                0x00000000   Number         0  stubs.o ABSOLUTE
    _printf_wc                               0x00000000   Number         0  stubs.o ABSOLUTE
    _printf_wctomb                           0x00000000   Number         0  stubs.o ABSOLUTE
    _printf_widthprec                        0x00000000   Number         0  stubs.o ABSOLUTE
    _printf_x                                0x00000000   Number         0  stubs.o ABSOLUTE
    __cpp_initialize__aeabi_                  - Undefined Weak Reference
    __cxa_finalize                            - Undefined Weak Reference
    _clock_init                               - Undefined Weak Reference
    _microlib_exit                            - Undefined Weak Reference
    Reset_Handler                            0x0000026d   Thumb Code     0  startup_rvmdk.o(RESET)
    __main                                   0x00000299   Thumb Code     0  entry.o(.ARM.Collect$$$$00000000)
    _main_stk                                0x00000299   Thumb Code     0  entry2.o(.ARM.Collect$$$$00000001)
    _main_scatterload                        0x0000029d   Thumb Code     0  entry5.o(.ARM.Collect$$$$00000004)
    __main_after_scatterload                 0x000002a1   Thumb Code     0  entry5.o(.ARM.Collect$$$$00000004)
    _main_clock                              0x000002a1   Thumb Code     0  entry7b.o(.ARM.Collect$$$$00000008)
    _main_cpp_init                           0x000002a1   Thumb Code     0  entry8b.o(.ARM.Collect$$$$0000000A)
    _main_init                               0x000002a1   Thumb Code     0  entry9a.o(.ARM.Collect$$$$0000000B)
    __rt_final_cpp                           0x000002a9   Thumb Code     0  entry10a.o(.ARM.Collect$$$$0000000D)
    __rt_final_exit                          0x000002a9   Thumb Code     0  entry11a.o(.ARM.Collect$$$$0000000F)
    SysCtlDelay                              0x000002ad   Thumb Code     6  sysctl.o(.emb_text)
    CPUcpsid                                 0x000002b5   Thumb Code     8  cpu.o(.emb_text)
    CPUprimask                               0x000002bd   Thumb Code     6  cpu.o(.emb_text)
    CPUcpsie                                 0x000002c3   Thumb Code     8  cpu.o(.emb_text)
    CPUwfi                                   0x000002cb   Thumb Code     4  cpu.o(.emb_text)
    CPUbasepriSet                            0x000002cf   Thumb Code     6  cpu.o(.emb_text)
    CPUbasepriGet                            0x000002d5   Thumb Code     6  cpu.o(.emb_text)
    __aeabi_memset                           0x000002db   Thumb Code    14  memseta.o(.text)
    __aeabi_memset4                          0x000002db   Thumb Code     0  memseta.o(.text)
    __aeabi_memset8                          0x000002db   Thumb Code     0  memseta.o(.text)
    __aeabi_memclr                           0x000002e9   Thumb Code     4  memseta.o(.text)
    __aeabi_memclr4                          0x000002e9   Thumb Code     0  memseta.o(.text)
    __aeabi_memclr8                          0x000002e9   Thumb Code     0  memseta.o(.text)
    _memset$wrapper                          0x000002ed   Thumb Code    18  memseta.o(.text)
    strlen                                   0x000002ff   Thumb Code    14  strlen.o(.text)
    __aeabi_fmul                             0x0000030d   Thumb Code   100  fmul.o(.text)
    __aeabi_fdiv                             0x00000371   Thumb Code   124  fdiv.o(.text)
    __aeabi_dadd                             0x000003ed   Thumb Code   322  dadd.o(.text)
    __aeabi_dsub                             0x0000052f   Thumb Code     6  dadd.o(.text)
    __aeabi_drsub                            0x00000535   Thumb Code     6  dadd.o(.text)
    __aeabi_dmul                             0x0000053b   Thumb Code   228  dmul.o(.text)
    __aeabi_ddiv                             0x0000061f   Thumb Code   222  ddiv.o(.text)
    __aeabi_ui2f                             0x000006fd   Thumb Code    10  ffltui.o(.text)
    __aeabi_ui2d                             0x00000707   Thumb Code    26  dfltui.o(.text)
    __aeabi_f2uiz                            0x00000721   Thumb Code    40  ffixui.o(.text)
    __aeabi_d2iz                             0x00000749   Thumb Code    62  dfixi.o(.text)
    __aeabi_d2uiz                            0x00000787   Thumb Code    50  dfixui.o(.text)
    __aeabi_f2d                              0x000007b9   Thumb Code    38  f2d.o(.text)
    __aeabi_cdrcmple                         0x000007e1   Thumb Code    48  cdrcmple.o(.text)
    __aeabi_cfcmpeq                          0x00000811   Thumb Code     0  cfcmple.o(.text)
    __aeabi_cfcmple                          0x00000811   Thumb Code    20  cfcmple.o(.text)
    __aeabi_cfrcmple                         0x00000825   Thumb Code    20  cfrcmple.o(.text)
    __aeabi_uidiv                            0x00000839   Thumb Code     0  uidiv.o(.text)
    __aeabi_uidivmod                         0x00000839   Thumb Code    44  uidiv.o(.text)
    __aeabi_uldivmod                         0x00000865   Thumb Code    98  uldiv.o(.text)
    __aeabi_llsl                             0x000008c7   Thumb Code    30  llshl.o(.text)
    _ll_shift_l                              0x000008c7   Thumb Code     0  llshl.o(.text)
    __aeabi_llsr                             0x000008e5   Thumb Code    32  llushr.o(.text)
    _ll_ushift_r                             0x000008e5   Thumb Code     0  llushr.o(.text)
    __aeabi_lasr                             0x00000905   Thumb Code    36  llsshr.o(.text)
    _ll_sshift_r                             0x00000905   Thumb Code     0  llsshr.o(.text)
    __I$use$fp                               0x00000929   Thumb Code     0  iusefp.o(.text)
    _float_round                             0x00000929   Thumb Code    18  fepilogue.o(.text)
    _float_epilogue                          0x0000093b   Thumb Code    92  fepilogue.o(.text)
    _double_round                            0x00000997   Thumb Code    30  depilogue.o(.text)
    _double_epilogue                         0x000009b5   Thumb Code   156  depilogue.o(.text)
    __aeabi_d2ulz                            0x00000a51   Thumb Code    48  dfixul.o(.text)
    __scatterload                            0x00000a81   Thumb Code    28  init.o(.text)
    __scatterload_rt2                        0x00000a81   Thumb Code     0  init.o(.text)
    __decompress                             0x00000aa5   Thumb Code     0  __dczerorl.o(.text)
    __decompress0                            0x00000aa5   Thumb Code    58  __dczerorl.o(.text)
    ADC0Handler                              0x00000ae1   Thumb Code    62  interrupt_api.o(i.ADC0Handler)
    ADCIntClear                              0x00000b2d   Thumb Code     8  adc.o(i.ADCIntClear)
    ADCSequenceDataGet                       0x00000b35   Thumb Code    34  adc.o(i.ADCSequenceDataGet)
    CAN0Handler                              0x00000b59   Thumb Code   348  interrupt_api.o(i.CAN0Handler)
    CAN1Handler                              0x00000d05   Thumb Code     2  interrupt_api.o(i.CAN1Handler)
    CAN1_RxMsg_Set                           0x00000d07   Thumb Code   380  usr_lib.o(i.CAN1_RxMsg_Set)
    CANBitRateSet                            0x00000e85   Thumb Code   116  can.o(i.CANBitRateSet)
    CANDataRegRead                           0x00000efd   Thumb Code    36  usr_lib.o(i.CANDataRegRead)
    CANDisable                               0x00000f21   Thumb Code    10  can.o(i.CANDisable)
    CANEnable                                0x00000f2b   Thumb Code    10  can.o(i.CANEnable)
    CANErrCntrGet                            0x00000f35   Thumb Code    32  can.o(i.CANErrCntrGet)
    CANInit                                  0x00000f55   Thumb Code    82  can.o(i.CANInit)
    CANIntClear                              0x00000fa7   Thumb Code    46  can.o(i.CANIntClear)
    CANIntEnable                             0x00000fd5   Thumb Code     8  can.o(i.CANIntEnable)
    CANIntStatus                             0x00000fdd   Thumb Code    38  can.o(i.CANIntStatus)
    CANStatusGet                             0x00001003   Thumb Code    78  can.o(i.CANStatusGet)
    CAN_RxMsg_Set                            0x00001051   Thumb Code   380  usr_lib.o(i.CAN_RxMsg_Set)
    CAN_Rx_Msg                               0x000011cd   Thumb Code   174  usr_lib.o(i.CAN_Rx_Msg)
    Cal_Clk_Reload                           0x0000127d   Thumb Code   788  clk_err.o(i.Cal_Clk_Reload)
    Cal_Gp_Relaod                            0x00001611   Thumb Code   112  eng_err.o(i.Cal_Gp_Relaod)
    Cal_STD_ENG_CNT_VAL                      0x00001695   Thumb Code   252  eng_err.o(i.Cal_STD_ENG_CNT_VAL)
    Check_SMtr_Tab_Sts                       0x000017c5   Thumb Code   204  init.o(i.Check_SMtr_Tab_Sts)
    DZPLS_Interrupt_Pr                       0x0000189d   Thumb Code   124  interrupt_api.o(i.DZPLS_Interrupt_Pr)
    ELSC_PLS_IN_DEN                          0x0000193d   Thumb Code   166  eng_err.o(i.ELSC_PLS_IN_DEN)
    ENG_PLS_IN_Pr                            0x00001a09   Thumb Code    90  eng_err.o(i.ENG_PLS_IN_Pr)
    Ext_WDTFeed                              0x00001a75   Thumb Code    80  clk_err.o(i.Ext_WDTFeed)
    Fill_Space_StrCpy                        0x00001ad5   Thumb Code   166  init.o(i.Fill_Space_StrCpy)
    FlashErase                               0x00001b7d   Thumb Code    54  flash.o(i.FlashErase)
    GDT_PLS_IN_DEN                           0x00001bbd   Thumb Code   100  eng_err.o(i.GDT_PLS_IN_DEN)
    GPIOAHandler                             0x00001c3d   Thumb Code    96  interrupt_api.o(i.GPIOAHandler)
    GPIODirModeSet                           0x00001cb5   Thumb Code    50  gpio.o(i.GPIODirModeSet)
    GPIOIntClear                             0x00001ce7   Thumb Code     6  gpio.o(i.GPIOIntClear)
    GPIOIntDisable                           0x00001ced   Thumb Code    12  gpio.o(i.GPIOIntDisable)
    GPIOIntStatus                            0x00001cf9   Thumb Code    16  gpio.o(i.GPIOIntStatus)
    GPIOIntTypeSet                           0x00001d09   Thumb Code   102  gpio.o(i.GPIOIntTypeSet)
    GPIOMHandler                             0x00001d71   Thumb Code   386  interrupt_api.o(i.GPIOMHandler)
    GPIONHandler                             0x00001f75   Thumb Code    42  interrupt_api.o(i.GPIONHandler)
    GPIOPadConfigSet                         0x00001fb1   Thumb Code   342  gpio.o(i.GPIOPadConfigSet)
    GPIOPinConfigure                         0x00002109   Thumb Code    70  gpio.o(i.GPIOPinConfigure)
    GPIOPinRead                              0x00002159   Thumb Code    12  gpio.o(i.GPIOPinRead)
    GPIOPinTypeCAN                           0x00002165   Thumb Code    30  gpio.o(i.GPIOPinTypeCAN)
    GPIOPinTypeGPIOInput                     0x00002183   Thumb Code    30  gpio.o(i.GPIOPinTypeGPIOInput)
    GPIOPinTypeGPIOOutput                    0x000021a1   Thumb Code    30  gpio.o(i.GPIOPinTypeGPIOOutput)
    GPIOPinTypeI2C                           0x000021bf   Thumb Code    30  gpio.o(i.GPIOPinTypeI2C)
    GPIOPinTypeI2CSCL                        0x000021dd   Thumb Code    30  gpio.o(i.GPIOPinTypeI2CSCL)
    GPIOPinTypeSSI                           0x000021fb   Thumb Code    30  gpio.o(i.GPIOPinTypeSSI)
    GPIOPinTypeTimer                         0x00002219   Thumb Code    30  gpio.o(i.GPIOPinTypeTimer)
    GPIOPinTypeUART                          0x00002237   Thumb Code    30  gpio.o(i.GPIOPinTypeUART)
    GPIOPinWrite                             0x00002255   Thumb Code    10  gpio.o(i.GPIOPinWrite)
    Init_CAN0                                0x00002261   Thumb Code    62  init.o(i.Init_CAN0)
    Init_CAN1                                0x000022b1   Thumb Code    62  init.o(i.Init_CAN1)
    Init_Com                                 0x00002301   Thumb Code   208  init.o(i.Init_Com)
    Init_DEVICE_IO                           0x000023f5   Thumb Code   256  eng_err.o(i.Init_DEVICE_IO)
    Init_Gpio                                0x0000253d   Thumb Code   760  init.o(i.Init_Gpio)
    Init_Int                                 0x000028bd   Thumb Code   312  init.o(i.Init_Int)
    Init_Pll                                 0x000029f5   Thumb Code    26  init.o(i.Init_Pll)
    Init_Ram                                 0x00002a19   Thumb Code   734  init.o(i.Init_Ram)
    Init_Ssi                                 0x00002eed   Thumb Code    40  init.o(i.Init_Ssi)
    Init_SysTick                             0x00002f21   Thumb Code    36  init.o(i.Init_SysTick)
    Init_Timer                               0x00002f4d   Thumb Code   808  init.o(i.Init_Timer)
    Init_Uart                                0x00003299   Thumb Code    86  init.o(i.Init_Uart)
    Init_Wdt                                 0x000032fd   Thumb Code    82  init.o(i.Init_Wdt)
    IntEnable                                0x00003355   Thumb Code   108  interrupt.o(i.IntEnable)
    IntMasterDisable                         0x000033c9   Thumb Code    16  interrupt.o(i.IntMasterDisable)
    IntMasterEnable                          0x000033d9   Thumb Code    16  interrupt.o(i.IntMasterEnable)
    IntPrioritySet                           0x000033e9   Thumb Code    46  interrupt.o(i.IntPrioritySet)
    MFuction_Clk_Cfg                         0x0000341d   Thumb Code   312  eng_err.o(i.MFuction_Clk_Cfg)
    Mea_Period_Pr                            0x00003599   Thumb Code   210  interrupt_api.o(i.Mea_Period_Pr)
    Read_Mtr_Numb                            0x000036a5   Thumb Code   166  init.o(i.Read_Mtr_Numb)
    SSIConfigSetExpClk                       0x0000375d   Thumb Code   102  ssi.o(i.SSIConfigSetExpClk)
    SSIEnable                                0x000037c3   Thumb Code    10  ssi.o(i.SSIEnable)
    SZPLS_Interrupt_Pr                       0x000037cd   Thumb Code   166  interrupt_api.o(i.SZPLS_Interrupt_Pr)
    Set_CAN1MsgRam                           0x000038a9   Thumb Code    56  usr_lib.o(i.Set_CAN1MsgRam)
    Set_MsgRam                               0x000038e9   Thumb Code   232  usr_lib.o(i.Set_MsgRam)
    SysCtlClockGet                           0x000039d9   Thumb Code   244  sysctl.o(i.SysCtlClockGet)
    SysCtlClockSet                           0x00003ae1   Thumb Code   308  sysctl.o(i.SysCtlClockSet)
    SysCtlPeripheralEnable                   0x00003c2d   Thumb Code    46  sysctl.o(i.SysCtlPeripheralEnable)
    SysTickEnable                            0x00003c61   Thumb Code    18  systick.o(i.SysTickEnable)
    SysTickIntEnable                         0x00003c73   Thumb Code    18  systick.o(i.SysTickIntEnable)
    SysTickIntHandler                        0x00003c85   Thumb Code   124  interrupt_api.o(i.SysTickIntHandler)
    SysTickPeriodSet                         0x00003d25   Thumb Code    10  systick.o(i.SysTickPeriodSet)
    Timer0AIntHandler                        0x00003d31   Thumb Code    42  interrupt_api.o(i.Timer0AIntHandler)
    Timer0BIntHandler                        0x00003d61   Thumb Code    46  interrupt_api.o(i.Timer0BIntHandler)
    Timer1AIntHandler                        0x00003d95   Thumb Code    42  interrupt_api.o(i.Timer1AIntHandler)
    Timer1BIntHandler                        0x00003dc5   Thumb Code    70  interrupt_api.o(i.Timer1BIntHandler)
    Timer2AIntHandler                        0x00003e21   Thumb Code    80  interrupt_api.o(i.Timer2AIntHandler)
    Timer2BIntHandler                        0x00003e91   Thumb Code    46  interrupt_api.o(i.Timer2BIntHandler)
    Timer3AIntHandler                        0x00003ec5   Thumb Code    84  interrupt_api.o(i.Timer3AIntHandler)
    Timer3BIntHandler                        0x00003f25   Thumb Code    70  interrupt_api.o(i.Timer3BIntHandler)
    Timer4AIntHandler                        0x00003f79   Thumb Code   104  interrupt_api.o(i.Timer4AIntHandler)
    Timer4BIntHandler                        0x00003fed   Thumb Code   132  interrupt_api.o(i.Timer4BIntHandler)
    Timer5AIntHandler                        0x00004081   Thumb Code   122  interrupt_api.o(i.Timer5AIntHandler)
    TimerConfigure                           0x0000410d   Thumb Code    84  timer.o(i.TimerConfigure)
    TimerControlEvent                        0x0000416d   Thumb Code    22  timer.o(i.TimerControlEvent)
    TimerControlStall                        0x00004183   Thumb Code    22  timer.o(i.TimerControlStall)
    TimerDisable                             0x00004199   Thumb Code    14  timer.o(i.TimerDisable)
    TimerEnable                              0x000041a7   Thumb Code    14  timer.o(i.TimerEnable)
    TimerIntClear                            0x000041b5   Thumb Code     4  timer.o(i.TimerIntClear)
    TimerIntEnable                           0x000041b9   Thumb Code     8  timer.o(i.TimerIntEnable)
    TimerIntStatus                           0x000041c1   Thumb Code    12  timer.o(i.TimerIntStatus)
    TimerLoadSet                             0x000041cd   Thumb Code    16  timer.o(i.TimerLoadSet)
    TimerMatchSet                            0x000041dd   Thumb Code    16  timer.o(i.TimerMatchSet)
    TimerValueGet                            0x000041ed   Thumb Code    14  timer.o(i.TimerValueGet)
    UART0IntHandler                          0x000041fd   Thumb Code   286  interrupt_api.o(i.UART0IntHandler)
    UART1IntHandler                          0x00004349   Thumb Code   286  interrupt_api.o(i.UART1IntHandler)
    UART3IntHandler                          0x00004495   Thumb Code   286  interrupt_api.o(i.UART3IntHandler)
    UART5IntHandler                          0x000045e1   Thumb Code   286  interrupt_api.o(i.UART5IntHandler)
    UART6IntHandler                          0x0000472d   Thumb Code   286  interrupt_api.o(i.UART6IntHandler)
    UARTCharGet                              0x00004879   Thumb Code    18  uart.o(i.UARTCharGet)
    UARTCharPut                              0x0000488b   Thumb Code    16  uart.o(i.UARTCharPut)
    UARTCharsAvail                           0x0000489b   Thumb Code    12  uart.o(i.UARTCharsAvail)
    UARTConfigSetExpClk                      0x000048a7   Thumb Code    76  uart.o(i.UARTConfigSetExpClk)
    UARTDisable                              0x000048f3   Thumb Code    32  uart.o(i.UARTDisable)
    UARTEnable                               0x00004913   Thumb Code    20  uart.o(i.UARTEnable)
    UARTFIFOLevelSet                         0x00004927   Thumb Code     8  uart.o(i.UARTFIFOLevelSet)
    UARTIntClear                             0x0000492f   Thumb Code     4  uart.o(i.UARTIntClear)
    UARTIntEnable                            0x00004933   Thumb Code     8  uart.o(i.UARTIntEnable)
    UARTIntStatus                            0x0000493b   Thumb Code    12  uart.o(i.UARTIntStatus)
    Update_Mtr_Num                           0x00004949   Thumb Code    92  disp.o(i.Update_Mtr_Num)
    Update_N_Buf                             0x000049b5   Thumb Code   126  disp.o(i.Update_N_Buf)
    WDTFeed                                  0x00004a51   Thumb Code    24  usr_lib.o(i.WDTFeed)
    WatchDogHandler                          0x00004a69   Thumb Code    12  interrupt_api.o(i.WatchDogHandler)
    WatchdogEnable                           0x00004a75   Thumb Code    10  watchdog.o(i.WatchdogEnable)
    WatchdogIntClear                         0x00004a7f   Thumb Code     6  watchdog.o(i.WatchdogIntClear)
    WatchdogReloadGet                        0x00004a85   Thumb Code     6  watchdog.o(i.WatchdogReloadGet)
    WatchdogReloadSet                        0x00004a8b   Thumb Code     4  watchdog.o(i.WatchdogReloadSet)
    WatchdogResetEnable                      0x00004a8f   Thumb Code    10  watchdog.o(i.WatchdogResetEnable)
    WatchdogStallEnable                      0x00004a99   Thumb Code    14  watchdog.o(i.WatchdogStallEnable)
    WatchdogUnlock                           0x00004aa9   Thumb Code     8  watchdog.o(i.WatchdogUnlock)
    __0sprintf                               0x00004ab5   Thumb Code    34  printfa.o(i.__0sprintf)
    __1sprintf                               0x00004ab5   Thumb Code     0  printfa.o(i.__0sprintf)
    __2sprintf                               0x00004ab5   Thumb Code     0  printfa.o(i.__0sprintf)
    __c89sprintf                             0x00004ab5   Thumb Code     0  printfa.o(i.__0sprintf)
    sprintf                                  0x00004ab5   Thumb Code     0  printfa.o(i.__0sprintf)
    __scatterload_copy                       0x00004add   Thumb Code    14  handlers.o(i.__scatterload_copy)
    __scatterload_null                       0x00004aeb   Thumb Code     2  handlers.o(i.__scatterload_null)
    __scatterload_zeroinit                   0x00004aed   Thumb Code    14  handlers.o(i.__scatterload_zeroinit)
    main                                     0x000053b9   Thumb Code    84  main.o(i.main)
    VER_TAB                                  0x0000591c   Data          10  init.o(.constdata)
    Parity_Set_TAB                           0x00005926   Data           5  init.o(.constdata)
    UART_PARA_TAB                            0x0000592c   Data          20  init.o(.constdata)
    CAN_MSG_SET_TAB                          0x00005940   Data         156  init.o(.constdata)
    CAN1_MSG_SET_TAB                         0x000059dc   Data          36  init.o(.constdata)
    UART_PORT                                0x00005a00   Data          32  uart_api.o(.constdata)
    PORT_BASE_ADDR_TAB                       0x00005a20   Data          56  eng_err.o(.constdata)
    CYCLE_PORT_TAB                           0x00005a58   Data          20  eng_err.o(.constdata)
    CYCLE_PIN_TAB                            0x00005a6c   Data           5  eng_err.o(.constdata)
    IO_Timer_Tab                             0x00005a74   Data          24  eng_err.o(.constdata)
    IO_REEN_TAB                              0x00005a8c   Data          28  eng_err.o(.constdata)
    ESwitch_PORT_TAB                         0x00005aa8   Data          12  eng_err.o(.constdata)
    ESwitch_PIN_TAB                          0x00005ab4   Data          12  eng_err.o(.constdata)
    Region$$Table$$Base                      0x00005ac0   Number         0  anon$$obj.o(Region$$Table)
    Region$$Table$$Limit                     0x00005ae0   Number         0  anon$$obj.o(Region$$Table)
    SINGLE_OR_THREE                          0x20000000   Data           4  bitvari.o(.data)
    NEW_ENG_PLS                              0x20000004   Data           4  bitvari.o(.data)
    NEW_CLK_PLS                              0x20000008   Data           4  bitvari.o(.data)
    NEW_XUL_PLS                              0x2000000c   Data           4  bitvari.o(.data)
    FIRST_ENG_PLS                            0x20000010   Data           4  bitvari.o(.data)
    FIRST_CLK_PLS                            0x20000014   Data           4  bitvari.o(.data)
    FIRST_XUL_PLS                            0x20000018   Data           4  bitvari.o(.data)
    OVER_ERR_FLAG                            0x2000001c   Data           4  bitvari.o(.data)
    NEW_ENG_DATA                             0x20000020   Data           4  bitvari.o(.data)
    BEEP_EN                                  0x20000024   Data           4  bitvari.o(.data)
    MTR_PLUG                                 0x20000028   Data           4  bitvari.o(.data)
    GDT_RST_FLAG                             0x2000002c   Data           4  bitvari.o(.data)
    NEW_CMD                                  0x20000030   Data           4  bitvari.o(.data)
    HB_BACK_EDGE                             0x20000034   Data           4  bitvari.o(.data)
    SY_START                                 0x20000038   Data           4  bitvari.o(.data)
    ZZ_PLS_LOADED                            0x2000003c   Data           4  bitvari.o(.data)
    HB_CATCHED                               0x20000040   Data           4  bitvari.o(.data)
    VERIFY_END                               0x20000044   Data           4  bitvari.o(.data)
    SY_ACT                                   0x20000048   Data           4  bitvari.o(.data)
    RISE_FALL_LVL                            0x2000004c   Data           4  bitvari.o(.data)
    ENG_STB_CHK                              0x20000050   Data           4  bitvari.o(.data)
    SCLK_STB_CHK                             0x20000054   Data           4  bitvari.o(.data)
    OCLK_STB_CHK                             0x20000058   Data           4  bitvari.o(.data)
    XUL_STB_CHK                              0x2000005c   Data           4  bitvari.o(.data)
    NO_STD_CLK                               0x20000060   Data           4  bitvari.o(.data)
    NO_CLK_PLS                               0x20000064   Data           4  bitvari.o(.data)
    NO_STD_ENG                               0x20000068   Data           4  bitvari.o(.data)
    DISP_HL_LVL                              0x2000006c   Data           4  bitvari.o(.data)
    PULSE_ZZ_END                             0x20000070   Data           4  bitvari.o(.data)
    NEW_WZHZ_PLS                             0x20000074   Data           4  bitvari.o(.data)
    NEW_NZHZ_PLS                             0x20000078   Data           4  bitvari.o(.data)
    NEW_TQ_PLS                               0x2000007c   Data           4  bitvari.o(.data)
    NEW_MBJ_PLS                              0x20000080   Data           4  bitvari.o(.data)
    NEW_JBJ_PLS                              0x20000084   Data           4  bitvari.o(.data)
    REF_JZ_INT                               0x20000088   Data           4  bitvari.o(.data)
    RST_FLAG                                 0x2000008c   Data           4  bitvari.o(.data)
    NEW_LUNCI1_PLS                           0x20000090   Data           4  bitvari.o(.data)
    NEW_LUNCI2_PLS                           0x20000094   Data           4  bitvari.o(.data)
    NEW_LUNCI3_PLS                           0x20000098   Data           4  bitvari.o(.data)
    NEW_LUNCI4_PLS                           0x2000009c   Data           4  bitvari.o(.data)
    TX_ZS_BIT                                0x200000a0   Data           4  bitvari.o(.data)
    SZCLK_SET_TooM_T                         0x200000a4   Data           4  bitvari.o(.data)
    SZCLK_SET_TooM                           0x200000a8   Data           4  bitvari.o(.data)
    NEW_KEY_FLAG                             0x200000ac   Data           4  bitvari.o(.data)
    PLUG_CHG_FLAG                            0x200000b0   Data           4  bitvari.o(.data)
    CD4094_FLAG                              0x200000b4   Data           4  bitvari.o(.data)
    KEY_PC_PLUG                              0x200000b8   Data           4  bitvari.o(.data)
    TZEN                                     0x200000bc   Data           4  bitvari.o(.data)
    MBJEN                                    0x200000c0   Data           4  bitvari.o(.data)
    GZ_FLAG                                  0x200000c4   Data           4  bitvari.o(.data)
    GZS_FLAG                                 0x200000c8   Data           4  bitvari.o(.data)
    NZTZ_FLAG                                0x200000cc   Data           4  bitvari.o(.data)
    WZTZ_FLAG                                0x200000d0   Data           4  bitvari.o(.data)
    MASTER_START                             0x200000d4   Data           4  bitvari.o(.data)
    GDT_INT_REEN                             0x200000d8   Data           4  bitvari.o(.data)
    DZ_INT_REEN                              0x200000dc   Data           4  bitvari.o(.data)
    SZ_INT_REEN                              0x200000e0   Data           4  bitvari.o(.data)
    XUL_INT_REEN                             0x200000e4   Data           4  bitvari.o(.data)
    TQ_INT_REEN                              0x200000e8   Data           4  bitvari.o(.data)
    HZ_INT_REEN                              0x200000ec   Data           4  bitvari.o(.data)
    KEY_INT_REEN                             0x200000f0   Data           4  bitvari.o(.data)
    CAN_ERR                                  0x200000f4   Data           4  bitvari.o(.data)
    CAN1_ERR                                 0x200000f8   Data           4  bitvari.o(.data)
    I_JDQ                                    0x200000fc   Data           4  bitvari.o(.data)
    I_JDQ_CHG                                0x20000100   Data           4  bitvari.o(.data)
    I_JDQ_EN                                 0x20000104   Data           4  bitvari.o(.data)
    UJDQ_FLAG                                0x20000108   Data           4  bitvari.o(.data)
    ESwitch_FLAG                             0x2000010c   Data           4  bitvari.o(.data)
    DZ_NEW_PLS                               0x20000110   Data           4  bitvari.o(.data)
    GD_NEW_PLS                               0x20000114   Data           4  bitvari.o(.data)
    SZ_NEW_PLS                               0x20000118   Data           4  bitvari.o(.data)
    NZTZ_NEW_PLS                             0x2000011c   Data           4  bitvari.o(.data)
    ENT_XY_PLS                               0x20000120   Data           4  bitvari.o(.data)
    DIS_UNSTD_PLS                            0x20000124   Data           4  bitvari.o(.data)
    DIS_STD_PLS                              0x20000128   Data           4  bitvari.o(.data)
    LIGHT_CTL_PC                             0x2000012c   Data           4  bitvari.o(.data)
    Pulse1_RUN_CTL                           0x20000130   Data           4  bitvari.o(.data)
    Pulse2_RUN_CTL                           0x20000134   Data           4  bitvari.o(.data)
    Pulse3_RUN_CTL                           0x20000138   Data           4  bitvari.o(.data)
    Pulse4_RUN_CTL                           0x2000013c   Data           4  bitvari.o(.data)
    Pulse5_RUN_CTL                           0x20000140   Data           4  bitvari.o(.data)
    Pulse6_RUN_CTL                           0x20000144   Data           4  bitvari.o(.data)
    Pulse7_RUN_CTL                           0x20000148   Data           4  bitvari.o(.data)
    Pulse8_RUN_CTL                           0x2000014c   Data           4  bitvari.o(.data)
    PulOut1_RVS_Bit                          0x20000150   Data           4  bitvari.o(.data)
    PulOut2_RVS_Bit                          0x20000154   Data           4  bitvari.o(.data)
    PulOut3_RVS_Bit                          0x20000158   Data           4  bitvari.o(.data)
    PulOut4_RVS_Bit                          0x2000015c   Data           4  bitvari.o(.data)
    PulOut5_RVS_Bit                          0x20000160   Data           4  bitvari.o(.data)
    PulOut6_RVS_Bit                          0x20000164   Data           4  bitvari.o(.data)
    PulOut7_RVS_Bit                          0x20000168   Data           4  bitvari.o(.data)
    PulOut8_RVS_Bit                          0x2000016c   Data           4  bitvari.o(.data)
    YKSIG_EN                                 0x20000170   Data           4  bitvari.o(.data)
    YKSIG_MOD                                0x20000174   Data           4  bitvari.o(.data)
    YKSIG_TRG_MOD                            0x20000178   Data           4  bitvari.o(.data)
    GZ_CHECK_FLAG                            0x2000017c   Data           4  bitvari.o(.data)
    TTAB_JDQ_CHG                             0x20000180   Data           4  bitvari.o(.data)
    TTAB_JDQ_DELY                            0x20000184   Data           4  bitvari.o(.data)
    SysRCC_CFG                               0x20000188   Data           4  vari.o(.data)
    SOLID_CFG                                0x2000018c   Data           4  vari.o(.data)
    MTYPE                                    0x20000190   Data           1  vari.o(.data)
    EXT_WDFEED_CNT                           0x20000191   Data           1  vari.o(.data)
    MTR_RDY_DATA                             0x20000192   Data           1  vari.o(.data)
    Current_Save_Tab                         0x20000193   Data           1  vari.o(.data)
    PLL_ERR_Cnt                              0x20000194   Data           1  vari.o(.data)
    Set_Uclop                                0x20000195   Data           1  vari.o(.data)
    Pwr_Phase                                0x20000196   Data           1  vari.o(.data)
    DXTZ                                     0x20000197   Data           1  vari.o(.data)
    MBJ_DATA                                 0x20000198   Data           1  vari.o(.data)
    LUNCI1_DATA                              0x20000199   Data           2  vari.o(.data)
    LUNCI2_DATA                              0x2000019b   Data           2  vari.o(.data)
    LUNCI3_DATA                              0x2000019d   Data           2  vari.o(.data)
    LUNCI4_DATA                              0x2000019f   Data           2  vari.o(.data)
    LUNCI1_SEND_COUNT                        0x200001a1   Data           1  vari.o(.data)
    LUNCI2_SEND_COUNT                        0x200001a2   Data           1  vari.o(.data)
    LUNCI3_SEND_COUNT                        0x200001a3   Data           1  vari.o(.data)
    LUNCI4_SEND_COUNT                        0x200001a4   Data           1  vari.o(.data)
    WZHZ_DATA                                0x200001a5   Data           2  vari.o(.data)
    GZ_DATA                                  0x200001a7   Data           1  vari.o(.data)
    NZHZ_DATA                                0x200001a8   Data           1  vari.o(.data)
    HC165_DATA                               0x200001aa   Data           2  vari.o(.data)
    HC165_TDATA                              0x200001ac   Data           2  vari.o(.data)
    HC165_XDATA                              0x200001ae   Data           2  vari.o(.data)
    NY_RESULT                                0x200001b0   Data           1  vari.o(.data)
    TIME_ASC                                 0x200001b1   Data           8  vari.o(.data)
    PLSGD                                    0x200001b9   Data           1  vari.o(.data)
    MFClk_Mode                               0x200001ba   Data           1  vari.o(.data)
    MFClk_Type                               0x200001bb   Data           1  vari.o(.data)
    PLSHC_MODE                               0x200001bc   Data           1  vari.o(.data)
    PLS_QUAD                                 0x200001bd   Data           1  vari.o(.data)
    Disp_Choose                              0x200001be   Data           1  vari.o(.data)
    Disp_Code_Mode                           0x200001bf   Data           1  vari.o(.data)
    ELEC_PLS_CNT                             0x200001c0   Data           2  vari.o(.data)
    CURRENT_N_ASC                            0x200001c2   Data           2  vari.o(.data)
    PLS_Lvl_Time                             0x200001c4   Data           8  vari.o(.data)
    High_Lvl_Time_Tp                         0x200001cc   Data           4  vari.o(.data)
    Low_Lvl_Time_Tp                          0x200001d0   Data           4  vari.o(.data)
    High_Lvl_CNT                             0x200001d4   Data           1  vari.o(.data)
    Low_Lvl_CNT                              0x200001d5   Data           1  vari.o(.data)
    CMD_DATA                                 0x200001d6   Data           1  vari.o(.data)
    WIRE_TYPE                                0x200001d7   Data           1  vari.o(.data)
    DIVIDE_Coef                              0x200001d8   Data           2  vari.o(.data)
    CYCLE_MEA_SEL                            0x200001da   Data           1  vari.o(.data)
    CYCLE_MEA_ID                             0x200001db   Data           1  vari.o(.data)
    SY_CNT                                   0x200001dc   Data           1  vari.o(.data)
    SY_PROCESS                               0x200001dd   Data           1  vari.o(.data)
    SY_MODE                                  0x200001de   Data           1  vari.o(.data)
    SY_PHASE                                 0x200001df   Data           1  vari.o(.data)
    PZZS                                     0x200001e0   Data           1  vari.o(.data)
    PZBZ                                     0x200001e1   Data           1  vari.o(.data)
    PZ_STD_CNT                               0x200001e2   Data           1  vari.o(.data)
    CUR_PZ_Cnt_Val                           0x200001e4   Data           2  vari.o(.data)
    PRE_PZ_Cnt_Val                           0x200001e6   Data           2  vari.o(.data)
    PZ_ERR_ASC                               0x200001e8   Data           3  vari.o(.data)
    VERIFY_ENG_Kwh                           0x200001ec   Data           4  vari.o(.data)
    VERIFY_PLS_Set                           0x200001f0   Data           4  vari.o(.data)
    CURRENT_VERIFY_PLS                       0x200001f4   Data           4  vari.o(.data)
    ZZ_PLS_Set                               0x200001f8   Data           4  vari.o(.data)
    CURRENT_PLS_CNT                          0x200001fc   Data           4  vari.o(.data)
    CURRENT_ENG_KWh                          0x20000200   Data           4  vari.o(.data)
    GP_ENG_CST                               0x20000204   Data           4  vari.o(.data)
    GP_CLK_SET                               0x20000208   Data           4  vari.o(.data)
    GP_CLK_ACT                               0x2000020c   Data           4  vari.o(.data)
    GP_RELOAD_TIME                           0x20000210   Data           2  vari.o(.data)
    GP_RELOAD_VAL                            0x20000212   Data           2  vari.o(.data)
    GP_RELOAD_Cnt                            0x20000214   Data           2  vari.o(.data)
    STD_CLK_Cnt                              0x20000218   Data           4  vari.o(.data)
    CLK_MEA_CTL                              0x2000021c   Data           1  vari.o(.data)
    CLK_RELOAD_TIME_N                        0x2000021e   Data           2  vari.o(.data)
    CLK_RELOAD_TIME_O                        0x20000220   Data           2  vari.o(.data)
    CLK_RELOAD_VAL_N                         0x20000222   Data           2  vari.o(.data)
    CLK_RELOAD_VAL_O                         0x20000224   Data           2  vari.o(.data)
    CLK_RELOAD_Cnt                           0x20000226   Data           2  vari.o(.data)
    CLK_MEA_TIME                             0x20000228   Data           1  vari.o(.data)
    CLK_FREQ_SET                             0x2000022c   Data           4  vari.o(.data)
    CLK_FREQ_INT                             0x20000230   Data           4  vari.o(.data)
    CLK_DAY_ERR                              0x20000238   Data           8  vari.o(.data)
    CLK_ACT_FREQ                             0x20000240   Data           8  vari.o(.data)
    STD_CLK_VAL_ONE                          0x20000248   Data           8  vari.o(.data)
    STD_CLK_VAL_SUM                          0x20000250   Data           8  vari.o(.data)
    STD_CLK_CNT_ONE                          0x20000258   Data           4  vari.o(.data)
    STD_CLK_CNT_SUM                          0x2000025c   Data           4  vari.o(.data)
    RAW_CLK_VAL                              0x20000260   Data           4  vari.o(.data)
    CUR_CLK_VAL                              0x20000264   Data           4  vari.o(.data)
    PRE_CLK_VAL                              0x20000268   Data           4  vari.o(.data)
    SCLK_Cnt_OSub                            0x2000026c   Data           4  vari.o(.data)
    SCLK_Cnt_NSub                            0x20000270   Data           4  vari.o(.data)
    SCLK_Cnt_RSet_Max                        0x20000274   Data           4  vari.o(.data)
    SCLK_STB_RNG                             0x20000278   Data           4  vari.o(.data)
    OCLK_Cnt_OSub                            0x2000027c   Data           4  vari.o(.data)
    OCLK_Cnt_NSub                            0x20000280   Data           4  vari.o(.data)
    OCLK_Cnt_RSet_Max                        0x20000284   Data           4  vari.o(.data)
    OCLK_STB_RNG                             0x20000288   Data           4  vari.o(.data)
    XUL_MEA_CTL                              0x2000028c   Data           1  vari.o(.data)
    XUL_TIME                                 0x20000290   Data           4  vari.o(.data)
    XUL_RELOAD_TIME                          0x20000294   Data           1  vari.o(.data)
    XUL_RELOAD_Cnt                           0x20000295   Data           1  vari.o(.data)
    XUL_Cnt_Sum                              0x20000298   Data           8  vari.o(.data)
    RAW_XUL_VAL                              0x200002a0   Data           4  vari.o(.data)
    CUR_XUL_VAL                              0x200002a4   Data           4  vari.o(.data)
    PRE_XUL_VAL                              0x200002a8   Data           4  vari.o(.data)
    SXUL_Cnt_OSub                            0x200002ac   Data           4  vari.o(.data)
    SXUL_Cnt_NSub                            0x200002b0   Data           4  vari.o(.data)
    OXUL_Cnt_OSub                            0x200002b4   Data           4  vari.o(.data)
    OXUL_Cnt_NSub                            0x200002b8   Data           4  vari.o(.data)
    ENG_CLK_CH                               0x200002bc   Data           1  vari.o(.data)
    WORK_MODE                                0x200002bd   Data           1  vari.o(.data)
    ENG_STB_RNG                              0x200002be   Data           2  vari.o(.data)
    STD_ENG_CNT_VAL                          0x200002c0   Data           4  vari.o(.data)
    STD_ENG_CST                              0x200002c4   Data           4  vari.o(.data)
    MTR_ENG_CST                              0x200002c8   Data           4  vari.o(.data)
    MTR_MIN_CST                              0x200002cc   Data           4  vari.o(.data)
    CURRENT_N                                0x200002d0   Data           1  vari.o(.data)
    ACT_N                                    0x200002d1   Data           1  vari.o(.data)
    SET_N                                    0x200002d2   Data           1  vari.o(.data)
    STD_ENG_Cnt                              0x200002d4   Data           4  vari.o(.data)
    CUR_ENG_VAL                              0x200002d8   Data           4  vari.o(.data)
    PRE_ENG_VAL                              0x200002dc   Data           4  vari.o(.data)
    RAW_ENG_VAL                              0x200002e0   Data           4  vari.o(.data)
    SENG_STB_RNG                             0x200002e4   Data           2  vari.o(.data)
    OEND_Cnt_OSub                            0x200002e8   Data           4  vari.o(.data)
    OEND_Cnt_NSub                            0x200002ec   Data           4  vari.o(.data)
    OEND_STB_RNG                             0x200002f0   Data           2  vari.o(.data)
    ENG_ERR                                  0x200002f4   Data           4  vari.o(.data)
    Mtr_Numb_ID                              0x200002f8   Data           1  vari.o(.data)
    Mtr_Numb_Str                             0x200002f9   Data           3  vari.o(.data)
    MTR_MOD                                  0x200002fc   Data           1  vari.o(.data)
    TTAB_JDQ_STS                             0x200002fd   Data           1  vari.o(.data)
    Sysclk                                   0x20000300   Data           4  vari.o(.data)
    ADC_Start                                0x20000304   Data           1  vari.o(.data)
    ADC_Data                                 0x20000306   Data           2  vari.o(.data)
    ADC_Timer                                0x20000308   Data           2  vari.o(.data)
    ADC0_Vref                                0x2000030c   Data           4  vari.o(.data)
    ADC0_XiuZ                                0x20000310   Data           4  vari.o(.data)
    Timer_1ms                                0x20000314   Data           4  vari.o(.data)
    CLK_Timer                                0x20000318   Data           4  vari.o(.data)
    Timer_8ms                                0x2000031c   Data           1  vari.o(.data)
    GDT_Timer                                0x2000031d   Data           1  vari.o(.data)
    DZ_Timer                                 0x2000031e   Data           1  vari.o(.data)
    SZ_Timer                                 0x2000031f   Data           1  vari.o(.data)
    XUL_Timer                                0x20000320   Data           1  vari.o(.data)
    TQ_Timer                                 0x20000321   Data           1  vari.o(.data)
    HZ_Timer                                 0x20000322   Data           1  vari.o(.data)
    KEY_Timer                                0x20000323   Data           1  vari.o(.data)
    HC165_Timer                              0x20000324   Data           1  vari.o(.data)
    PLL_CHK_Timer                            0x20000325   Data           1  vari.o(.data)
    GDT_PLS_Timer                            0x20000326   Data           1  vari.o(.data)
    DZ_PLS_Timer                             0x20000327   Data           1  vari.o(.data)
    SZ_PLS_Timer                             0x20000328   Data           1  vari.o(.data)
    EXT_WD_Timer                             0x20000329   Data           1  vari.o(.data)
    NZTZ_PLS_Timer                           0x2000032a   Data           1  vari.o(.data)
    CYCLE_OLD_Timer                          0x2000032c   Data           4  vari.o(.data)
    CYCLE_NEW_Timer                          0x20000330   Data           4  vari.o(.data)
    CLK_Timer_Max                            0x20000334   Data           4  vari.o(.data)
    CLK_Timer_Min                            0x20000338   Data           4  vari.o(.data)
    SY_Timer                                 0x2000033c   Data           2  vari.o(.data)
    NY_SEND_Timer                            0x2000033e   Data           2  vari.o(.data)
    CAN_STX_OVTimer                          0x20000340   Data           2  vari.o(.data)
    CAN1_STX_OVTimer                         0x20000342   Data           2  vari.o(.data)
    CAN_LTX_OVTimer                          0x20000344   Data           2  vari.o(.data)
    CAN_RX_OVTimer                           0x20000346   Data           2  vari.o(.data)
    CAN1_RX_OVTimer                          0x20000348   Data           2  vari.o(.data)
    WORK_Timer                               0x2000034a   Data           2  vari.o(.data)
    STD_ECLK_Timer                           0x2000034c   Data           2  vari.o(.data)
    MBJ_Send_Timer                           0x2000034e   Data           2  vari.o(.data)
    WZTZ_Send_Timer                          0x20000350   Data           2  vari.o(.data)
    NZTZ_Send_Timer                          0x20000352   Data           2  vari.o(.data)
    OPEN_IN_Timer                            0x20000354   Data           2  vari.o(.data)
    NEW_PLL_Ref_Timer                        0x20000356   Data           2  vari.o(.data)
    OLD_PLL_Ref_Timer                        0x20000358   Data           2  vari.o(.data)
    MTR_ON_Timer                             0x2000035a   Data           2  vari.o(.data)
    TTAB_JDQ_DELY_Timer                      0x2000035c   Data           2  vari.o(.data)
    LUNCI1_Send_Timer                        0x2000035e   Data           2  vari.o(.data)
    LUNCI2_Send_Timer                        0x20000360   Data           2  vari.o(.data)
    LUNCI3_Send_Timer                        0x20000362   Data           2  vari.o(.data)
    LUNCI4_Send_Timer                        0x20000364   Data           2  vari.o(.data)
    PulOut1_Timer                            0x20000366   Data           2  vari.o(.data)
    PulOut2_Timer                            0x20000368   Data           2  vari.o(.data)
    PulOut3_Timer                            0x2000036a   Data           2  vari.o(.data)
    PulOut4_Timer                            0x2000036c   Data           2  vari.o(.data)
    PulOut5_Timer                            0x2000036e   Data           2  vari.o(.data)
    PulOut6_Timer                            0x20000370   Data           2  vari.o(.data)
    PulOut7_Timer                            0x20000372   Data           2  vari.o(.data)
    PulOut8_Timer                            0x20000374   Data           2  vari.o(.data)
    PulOut1_Count                            0x20000376   Data           2  vari.o(.data)
    PulOut2_Count                            0x20000378   Data           2  vari.o(.data)
    PulOut3_Count                            0x2000037a   Data           2  vari.o(.data)
    PulOut4_Count                            0x2000037c   Data           2  vari.o(.data)
    PulOut5_Count                            0x2000037e   Data           2  vari.o(.data)
    PulOut6_Count                            0x20000380   Data           2  vari.o(.data)
    PulOut7_Count                            0x20000382   Data           2  vari.o(.data)
    PulOut8_Count                            0x20000384   Data           2  vari.o(.data)
    PulOut1_Count_Set                        0x20000386   Data           2  vari.o(.data)
    PulOut2_Count_Set                        0x20000388   Data           2  vari.o(.data)
    PulOut3_Count_Set                        0x2000038a   Data           2  vari.o(.data)
    PulOut4_Count_Set                        0x2000038c   Data           2  vari.o(.data)
    PulOut5_Count_Set                        0x2000038e   Data           2  vari.o(.data)
    PulOut6_Count_Set                        0x20000390   Data           2  vari.o(.data)
    PulOut7_Count_Set                        0x20000392   Data           2  vari.o(.data)
    PulOut8_Count_Set                        0x20000394   Data           2  vari.o(.data)
    Disp_Timer                               0x20000396   Data           1  vari.o(.data)
    GDT_RST_Timer                            0x20000397   Data           1  vari.o(.data)
    Com_Rx_Time                              0x20000398   Data           5  vari.o(.data)
    Com_Rx_OvTm                              0x2000039d   Data           5  vari.o(.data)
    UJDQ_Timer                               0x200003a2   Data           1  vari.o(.data)
    IJDQ_Timer                               0x200003a3   Data           1  vari.o(.data)
    ESwitch_Timer                            0x200003a4   Data           1  vari.o(.data)
    NY_CHK_Timer                             0x200003a5   Data           1  vari.o(.data)
    Con_KEY_Timer                            0x200003a6   Data           1  vari.o(.data)
    Disp_En_Timer                            0x200003a7   Data           1  vari.o(.data)
    STD_CLK_Timer                            0x200003a8   Data           1  vari.o(.data)
    TTAB_JDQ_CHG_Timer                       0x200003a9   Data           1  vari.o(.data)
    Disp_Buf                                 0x200003aa   Data           8  vari.o(.data)
    CANERR_RxCNT                             0x200003b4   Data           4  vari.o(.data)
    CANERR_TxCNT                             0x200003b8   Data           4  vari.o(.data)
    CAN_LMSG_TX_TYPE                         0x200003bc   Data           1  vari.o(.data)
    CAN_LMSG_RX_TYPE                         0x200003bd   Data           1  vari.o(.data)
    CAN_STS                                  0x200003c0   Data           4  vari.o(.data)
    CAN1_STS                                 0x200003c4   Data           4  vari.o(.data)
    CAN_LDATA_TX_STS                         0x200003c8   Data           1  vari.o(.data)
    CAN_NEXT_MSG_IDx                         0x200003c9   Data           1  vari.o(.data)
    CAN_LMSG_TX_STS                          0x200003ca   Data           1  vari.o(.data)
    CAN_SMSG_TX_STS                          0x200003cb   Data           1  vari.o(.data)
    CAN1_SMSG_TX_STS                         0x200003cc   Data           1  vari.o(.data)
    Echo_Sts                                 0x200003cd   Data           1  vari.o(.data)
    CAN_SEND_DTIME                           0x200003ce   Data           1  vari.o(.data)
    CAN_SEND_DELAY                           0x200003cf   Data           1  vari.o(.data)
    CAN_SDATA_MSG_IHead                      0x200003d0   Data           1  vari.o(.data)
    CAN_SDATA_MSG_ITail                      0x200003d1   Data           1  vari.o(.data)
    CAN_MSG_IPtr                             0x200003d4   Data           4  vari.o(.data)
    CAN_SDATA_MSG_OHead                      0x200003d8   Data           1  vari.o(.data)
    CAN_SDATA_MSG_OTail                      0x200003d9   Data           1  vari.o(.data)
    CAN_MSG_OPtr                             0x200003dc   Data           4  vari.o(.data)
    CAN1_SDATA_MSG_IHead                     0x200003e0   Data           1  vari.o(.data)
    CAN1_SDATA_MSG_ITail                     0x200003e1   Data           1  vari.o(.data)
    CAN1_MSG_IPtr                            0x200003e4   Data           4  vari.o(.data)
    CAN1_SDATA_MSG_OHead                     0x200003e8   Data           1  vari.o(.data)
    CAN1_SDATA_MSG_OTail                     0x200003e9   Data           1  vari.o(.data)
    CAN1_MSG_OPtr                            0x200003ec   Data           4  vari.o(.data)
    CAN_LDATA_MSG_IHead                      0x200003f0   Data           1  vari.o(.data)
    CAN_LDATA_MSG_ITail                      0x200003f1   Data           1  vari.o(.data)
    CAN_LDATA_SERR_Cnt                       0x200003f2   Data           1  vari.o(.data)
    Com_Rx_Sts                               0x200003f3   Data           5  vari.o(.data)
    Com_Tx_Sts                               0x200003f8   Data           5  vari.o(.data)
    CANT_STR                                 0x200003fd   Data           8  vari.o(.data)
    YaoXin1_Set                              0x20000406   Data           6  vari.o(.data)
    YaoXin2_Set                              0x2000040c   Data           6  vari.o(.data)
    YaoXin3_Set                              0x20000412   Data           6  vari.o(.data)
    YaoXin4_Set                              0x20000418   Data           6  vari.o(.data)
    YaoXin5_Set                              0x2000041e   Data           6  vari.o(.data)
    YaoXin6_Set                              0x20000424   Data           6  vari.o(.data)
    YaoXin7_Set                              0x2000042a   Data           6  vari.o(.data)
    YaoXin8_Set                              0x20000430   Data           6  vari.o(.data)
    Save_Tab_Sts                             0x20000438   Data         255  vari.o(.bss)
    ENG_ERR_ASC                              0x20000537   Data           9  vari.o(.bss)
    CLK_FREQ_ASC                             0x20000540   Data           9  vari.o(.bss)
    DAY_ERR_ASC                              0x20000549   Data           9  vari.o(.bss)
    XUL_TIME_ASC                             0x20000552   Data           9  vari.o(.bss)
    VERIFY_ENG_ASC                           0x2000055b   Data           9  vari.o(.bss)
    CURRENT_ENG_ASC                          0x20000564   Data           9  vari.o(.bss)
    CURRENT_PLS_ASC                          0x2000056d   Data           9  vari.o(.bss)
    HIGH_LVL_TIME                            0x20000576   Data           9  vari.o(.bss)
    LOW_LVL_TIME                             0x2000057f   Data           9  vari.o(.bss)
    ADC_SEQ_Data                             0x20000588   Data          32  vari.o(.bss)
    Uart_Para                                0x200005a8   Data          20  vari.o(.bss)
    CAN_LMSG_RX_Ptr                          0x200005bc   Data          16  vari.o(.bss)
    CAN_LMSG_TX_Ptr                          0x200005cc   Data          16  vari.o(.bss)
    CAN_MSG_Rx                               0x200005dc   Data          16  vari.o(.bss)
    CAN_SMSG_Tx                              0x200005ec   Data          16  vari.o(.bss)
    CAN_LMSG_Tx                              0x200005fc   Data          16  vari.o(.bss)
    CAN_SDATA_MSG_IBUF                       0x2000060c   Data         800  vari.o(.bss)
    CAN_SDATA_MSG_OBUF                       0x2000092c   Data         800  vari.o(.bss)
    CAN1_SDATA_MSG_IBUF                      0x20000c4c   Data         800  vari.o(.bss)
    CAN1_SDATA_MSG_OBUF                      0x20000f6c   Data         800  vari.o(.bss)
    CAN_LDATA_MSG_IBUF                       0x2000128c   Data         320  vari.o(.bss)
    Com0_IBuf                                0x200013cc   Data        2048  vari.o(.bss)
    Com0_OBuf                                0x20001bcc   Data        1024  vari.o(.bss)
    Com1_IBuf                                0x20001fcc   Data        2048  vari.o(.bss)
    Com1_OBuf                                0x200027cc   Data        1024  vari.o(.bss)
    Com3_IBuf                                0x20002bcc   Data        2048  vari.o(.bss)
    Com3_OBuf                                0x200033cc   Data        1024  vari.o(.bss)
    Com5_IBuf                                0x200037cc   Data        2048  vari.o(.bss)
    Com5_OBuf                                0x20003fcc   Data        1024  vari.o(.bss)
    Com6_IBuf                                0x200043cc   Data        2048  vari.o(.bss)
    Com6_OBuf                                0x20004bcc   Data        1024  vari.o(.bss)
    Com_IHead                                0x20004fcc   Data          10  vari.o(.bss)
    Com_ITail                                0x20004fd6   Data          10  vari.o(.bss)
    Com_OHead                                0x20004fe0   Data          10  vari.o(.bss)
    Com_OTail                                0x20004fea   Data          10  vari.o(.bss)
    TEMP_STR                                 0x20004ff4   Data          20  vari.o(.bss)
    __initial_sp                             0x20005408   Data           0  startup_rvmdk.o(STACK)



==============================================================================

Memory Map of the image

  Image Entry point : 0x00000299

  Load Region LR_IROM1 (Base: 0x00000000, Size: 0x00005f18, Max: 0x00040000, ABSOLUTE, COMPRESSED[0x00005aec])

    Execution Region ER_IROM1 (Base: 0x00000000, Size: 0x00005ae0, Max: 0x00040000, ABSOLUTE)

    Base Addr    Size         Type   Attr      Idx    E Section Name        Object

    0x00000000   0x00000298   Code   RO         2869    RESET               startup_rvmdk.o
    0x00000298   0x00000000   Code   RO         4475  * .ARM.Collect$$$$00000000  mc_w.l(entry.o)
    0x00000298   0x00000004   Code   RO         4783    .ARM.Collect$$$$00000001  mc_w.l(entry2.o)
    0x0000029c   0x00000004   Code   RO         4786    .ARM.Collect$$$$00000004  mc_w.l(entry5.o)
    0x000002a0   0x00000000   Code   RO         4788    .ARM.Collect$$$$00000008  mc_w.l(entry7b.o)
    0x000002a0   0x00000000   Code   RO         4790    .ARM.Collect$$$$0000000A  mc_w.l(entry8b.o)
    0x000002a0   0x00000008   Code   RO         4791    .ARM.Collect$$$$0000000B  mc_w.l(entry9a.o)
    0x000002a8   0x00000000   Code   RO         4793    .ARM.Collect$$$$0000000D  mc_w.l(entry10a.o)
    0x000002a8   0x00000000   Code   RO         4795    .ARM.Collect$$$$0000000F  mc_w.l(entry11a.o)
    0x000002a8   0x00000004   Code   RO         4784    .ARM.Collect$$$$00002712  mc_w.l(entry2.o)
    0x000002ac   0x00000006   Code   RO          184    .emb_text           sysctl.o
    0x000002b2   0x00000002   PAD
    0x000002b4   0x00000026   Code   RO         1828    .emb_text           cpu.o
    0x000002da   0x00000024   Code   RO         4480    .text               mc_w.l(memseta.o)
    0x000002fe   0x0000000e   Code   RO         4482    .text               mc_w.l(strlen.o)
    0x0000030c   0x00000064   Code   RO         4751    .text               mf_w.l(fmul.o)
    0x00000370   0x0000007c   Code   RO         4753    .text               mf_w.l(fdiv.o)
    0x000003ec   0x0000014e   Code   RO         4755    .text               mf_w.l(dadd.o)
    0x0000053a   0x000000e4   Code   RO         4757    .text               mf_w.l(dmul.o)
    0x0000061e   0x000000de   Code   RO         4759    .text               mf_w.l(ddiv.o)
    0x000006fc   0x0000000a   Code   RO         4761    .text               mf_w.l(ffltui.o)
    0x00000706   0x0000001a   Code   RO         4763    .text               mf_w.l(dfltui.o)
    0x00000720   0x00000028   Code   RO         4765    .text               mf_w.l(ffixui.o)
    0x00000748   0x0000003e   Code   RO         4767    .text               mf_w.l(dfixi.o)
    0x00000786   0x00000032   Code   RO         4769    .text               mf_w.l(dfixui.o)
    0x000007b8   0x00000026   Code   RO         4771    .text               mf_w.l(f2d.o)
    0x000007de   0x00000002   PAD
    0x000007e0   0x00000030   Code   RO         4775    .text               mf_w.l(cdrcmple.o)
    0x00000810   0x00000014   Code   RO         4779    .text               mf_w.l(cfcmple.o)
    0x00000824   0x00000014   Code   RO         4781    .text               mf_w.l(cfrcmple.o)
    0x00000838   0x0000002c   Code   RO         4800    .text               mc_w.l(uidiv.o)
    0x00000864   0x00000062   Code   RO         4802    .text               mc_w.l(uldiv.o)
    0x000008c6   0x0000001e   Code   RO         4804    .text               mc_w.l(llshl.o)
    0x000008e4   0x00000020   Code   RO         4806    .text               mc_w.l(llushr.o)
    0x00000904   0x00000024   Code   RO         4808    .text               mc_w.l(llsshr.o)
    0x00000928   0x00000000   Code   RO         4810    .text               mc_w.l(iusefp.o)
    0x00000928   0x0000006e   Code   RO         4811    .text               mf_w.l(fepilogue.o)
    0x00000996   0x000000ba   Code   RO         4813    .text               mf_w.l(depilogue.o)
    0x00000a50   0x00000030   Code   RO         4815    .text               mf_w.l(dfixul.o)
    0x00000a80   0x00000024   Code   RO         4817    .text               mc_w.l(init.o)
    0x00000aa4   0x0000003a   Code   RO         4829    .text               mc_w.l(__dczerorl.o)
    0x00000ade   0x00000002   PAD
    0x00000ae0   0x0000004c   Code   RO         3353    i.ADC0Handler       interrupt_api.o
    0x00000b2c   0x00000008   Code   RO         2629    i.ADCIntClear       adc.o
    0x00000b34   0x00000022   Code   RO         2647    i.ADCSequenceDataGet  adc.o
    0x00000b56   0x00000002   PAD
    0x00000b58   0x000001ac   Code   RO         3354    i.CAN0Handler       interrupt_api.o
    0x00000d04   0x00000002   Code   RO         3355    i.CAN1Handler       interrupt_api.o
    0x00000d06   0x0000017c   Code   RO         4399    i.CAN1_RxMsg_Set    usr_lib.o
    0x00000e82   0x00000002   PAD
    0x00000e84   0x00000078   Code   RO         1685    i.CANBitRateSet     can.o
    0x00000efc   0x00000024   Code   RO         4402    i.CANDataRegRead    usr_lib.o
    0x00000f20   0x0000000a   Code   RO         1688    i.CANDisable        can.o
    0x00000f2a   0x0000000a   Code   RO         1689    i.CANEnable         can.o
    0x00000f34   0x00000020   Code   RO         1690    i.CANErrCntrGet     can.o
    0x00000f54   0x00000052   Code   RO         1691    i.CANInit           can.o
    0x00000fa6   0x0000002e   Code   RO         1692    i.CANIntClear       can.o
    0x00000fd4   0x00000008   Code   RO         1694    i.CANIntEnable      can.o
    0x00000fdc   0x00000026   Code   RO         1696    i.CANIntStatus      can.o
    0x00001002   0x0000004e   Code   RO         1703    i.CANStatusGet      can.o
    0x00001050   0x0000017c   Code   RO         4404    i.CAN_RxMsg_Set     usr_lib.o
    0x000011cc   0x000000ae   Code   RO         4405    i.CAN_Rx_Msg        usr_lib.o
    0x0000127a   0x00000002   PAD
    0x0000127c   0x00000394   Code   RO         3009    i.Cal_Clk_Reload    clk_err.o
    0x00001610   0x00000084   Code   RO         3604    i.Cal_Gp_Relaod     eng_err.o
    0x00001694   0x00000130   Code   RO         3605    i.Cal_STD_ENG_CNT_VAL  eng_err.o
    0x000017c4   0x000000d8   Code   RO         3234    i.Check_SMtr_Tab_Sts  init.o
    0x0000189c   0x000000a0   Code   RO         3356    i.DZPLS_Interrupt_Pr  interrupt_api.o
    0x0000193c   0x000000cc   Code   RO         3612    i.ELSC_PLS_IN_DEN   eng_err.o
    0x00001a08   0x0000006c   Code   RO         3615    i.ENG_PLS_IN_Pr     eng_err.o
    0x00001a74   0x00000060   Code   RO         3013    i.Ext_WDTFeed       clk_err.o
    0x00001ad4   0x000000a6   Code   RO         3235    i.Fill_Space_StrCpy  init.o
    0x00001b7a   0x00000002   PAD
    0x00001b7c   0x00000040   Code   RO         1979    i.FlashErase        flash.o
    0x00001bbc   0x00000080   Code   RO         3619    i.GDT_PLS_IN_DEN    eng_err.o
    0x00001c3c   0x00000078   Code   RO         3357    i.GPIOAHandler      interrupt_api.o
    0x00001cb4   0x00000032   Code   RO         2139    i.GPIODirModeSet    gpio.o
    0x00001ce6   0x00000006   Code   RO         2140    i.GPIOIntClear      gpio.o
    0x00001cec   0x0000000c   Code   RO         2141    i.GPIOIntDisable    gpio.o
    0x00001cf8   0x00000010   Code   RO         2144    i.GPIOIntStatus     gpio.o
    0x00001d08   0x00000066   Code   RO         2146    i.GPIOIntTypeSet    gpio.o
    0x00001d6e   0x00000002   PAD
    0x00001d70   0x00000204   Code   RO         3358    i.GPIOMHandler      interrupt_api.o
    0x00001f74   0x0000003c   Code   RO         3359    i.GPIONHandler      interrupt_api.o
    0x00001fb0   0x00000156   Code   RO         2149    i.GPIOPadConfigSet  gpio.o
    0x00002106   0x00000002   PAD
    0x00002108   0x00000050   Code   RO         2150    i.GPIOPinConfigure  gpio.o
    0x00002158   0x0000000c   Code   RO         2151    i.GPIOPinRead       gpio.o
    0x00002164   0x0000001e   Code   RO         2153    i.GPIOPinTypeCAN    gpio.o
    0x00002182   0x0000001e   Code   RO         2160    i.GPIOPinTypeGPIOInput  gpio.o
    0x000021a0   0x0000001e   Code   RO         2161    i.GPIOPinTypeGPIOOutput  gpio.o
    0x000021be   0x0000001e   Code   RO         2163    i.GPIOPinTypeI2C    gpio.o
    0x000021dc   0x0000001e   Code   RO         2164    i.GPIOPinTypeI2CSCL  gpio.o
    0x000021fa   0x0000001e   Code   RO         2174    i.GPIOPinTypeSSI    gpio.o
    0x00002218   0x0000001e   Code   RO         2175    i.GPIOPinTypeTimer  gpio.o
    0x00002236   0x0000001e   Code   RO         2176    i.GPIOPinTypeUART   gpio.o
    0x00002254   0x0000000a   Code   RO         2182    i.GPIOPinWrite      gpio.o
    0x0000225e   0x00000002   PAD
    0x00002260   0x00000050   Code   RO         3237    i.Init_CAN0         init.o
    0x000022b0   0x00000050   Code   RO         3238    i.Init_CAN1         init.o
    0x00002300   0x000000f4   Code   RO         3239    i.Init_Com          init.o
    0x000023f4   0x00000148   Code   RO         3624    i.Init_DEVICE_IO    eng_err.o
    0x0000253c   0x00000380   Code   RO         3240    i.Init_Gpio         init.o
    0x000028bc   0x00000138   Code   RO         3241    i.Init_Int          init.o
    0x000029f4   0x00000024   Code   RO         3242    i.Init_Pll          init.o
    0x00002a18   0x000004d4   Code   RO         3243    i.Init_Ram          init.o
    0x00002eec   0x00000034   Code   RO         3244    i.Init_Ssi          init.o
    0x00002f20   0x0000002c   Code   RO         3245    i.Init_SysTick      init.o
    0x00002f4c   0x0000034c   Code   RO         3246    i.Init_Timer        init.o
    0x00003298   0x00000064   Code   RO         3247    i.Init_Uart         init.o
    0x000032fc   0x00000058   Code   RO         3248    i.Init_Wdt          init.o
    0x00003354   0x00000074   Code   RO         2448    i.IntEnable         interrupt.o
    0x000033c8   0x00000010   Code   RO         2450    i.IntMasterDisable  interrupt.o
    0x000033d8   0x00000010   Code   RO         2451    i.IntMasterEnable   interrupt.o
    0x000033e8   0x00000034   Code   RO         2459    i.IntPrioritySet    interrupt.o
    0x0000341c   0x0000017c   Code   RO         3635    i.MFuction_Clk_Cfg  eng_err.o
    0x00003598   0x0000010c   Code   RO         3361    i.Mea_Period_Pr     interrupt_api.o
    0x000036a4   0x000000b8   Code   RO         3249    i.Read_Mtr_Numb     init.o
    0x0000375c   0x00000066   Code   RO            9    i.SSIConfigSetExpClk  ssi.o
    0x000037c2   0x0000000a   Code   RO           17    i.SSIEnable         ssi.o
    0x000037cc   0x000000dc   Code   RO         3362    i.SZPLS_Interrupt_Pr  interrupt_api.o
    0x000038a8   0x00000040   Code   RO         4407    i.Set_CAN1MsgRam    usr_lib.o
    0x000038e8   0x000000f0   Code   RO         4408    i.Set_MsgRam        usr_lib.o
    0x000039d8   0x00000108   Code   RO          189    i.SysCtlClockGet    sysctl.o
    0x00003ae0   0x0000014c   Code   RO          191    i.SysCtlClockSet    sysctl.o
    0x00003c2c   0x00000034   Code   RO          220    i.SysCtlPeripheralEnable  sysctl.o
    0x00003c60   0x00000012   Code   RO          796    i.SysTickEnable     systick.o
    0x00003c72   0x00000012   Code   RO          798    i.SysTickIntEnable  systick.o
    0x00003c84   0x000000a0   Code   RO         3363    i.SysTickIntHandler  interrupt_api.o
    0x00003d24   0x0000000a   Code   RO          802    i.SysTickPeriodSet  systick.o
    0x00003d2e   0x00000002   PAD
    0x00003d30   0x00000030   Code   RO         3364    i.Timer0AIntHandler  interrupt_api.o
    0x00003d60   0x00000034   Code   RO         3365    i.Timer0BIntHandler  interrupt_api.o
    0x00003d94   0x00000030   Code   RO         3366    i.Timer1AIntHandler  interrupt_api.o
    0x00003dc4   0x0000005c   Code   RO         3367    i.Timer1BIntHandler  interrupt_api.o
    0x00003e20   0x00000070   Code   RO         3368    i.Timer2AIntHandler  interrupt_api.o
    0x00003e90   0x00000034   Code   RO         3369    i.Timer2BIntHandler  interrupt_api.o
    0x00003ec4   0x00000060   Code   RO         3370    i.Timer3AIntHandler  interrupt_api.o
    0x00003f24   0x00000054   Code   RO         3371    i.Timer3BIntHandler  interrupt_api.o
    0x00003f78   0x00000074   Code   RO         3372    i.Timer4AIntHandler  interrupt_api.o
    0x00003fec   0x00000094   Code   RO         3373    i.Timer4BIntHandler  interrupt_api.o
    0x00004080   0x0000008c   Code   RO         3374    i.Timer5AIntHandler  interrupt_api.o
    0x0000410c   0x00000060   Code   RO          865    i.TimerConfigure    timer.o
    0x0000416c   0x00000016   Code   RO          866    i.TimerControlEvent  timer.o
    0x00004182   0x00000016   Code   RO          868    i.TimerControlStall  timer.o
    0x00004198   0x0000000e   Code   RO          873    i.TimerDisable      timer.o
    0x000041a6   0x0000000e   Code   RO          874    i.TimerEnable       timer.o
    0x000041b4   0x00000004   Code   RO          875    i.TimerIntClear     timer.o
    0x000041b8   0x00000008   Code   RO          877    i.TimerIntEnable    timer.o
    0x000041c0   0x0000000c   Code   RO          879    i.TimerIntStatus    timer.o
    0x000041cc   0x00000010   Code   RO          883    i.TimerLoadSet      timer.o
    0x000041dc   0x00000010   Code   RO          887    i.TimerMatchSet     timer.o
    0x000041ec   0x0000000e   Code   RO          896    i.TimerValueGet     timer.o
    0x000041fa   0x00000002   PAD
    0x000041fc   0x0000014c   Code   RO         3375    i.UART0IntHandler   interrupt_api.o
    0x00004348   0x0000014c   Code   RO         3376    i.UART1IntHandler   interrupt_api.o
    0x00004494   0x0000014c   Code   RO         3377    i.UART3IntHandler   interrupt_api.o
    0x000045e0   0x0000014c   Code   RO         3378    i.UART5IntHandler   interrupt_api.o
    0x0000472c   0x0000014c   Code   RO         3379    i.UART6IntHandler   interrupt_api.o
    0x00004878   0x00000012   Code   RO         1108    i.UARTCharGet       uart.o
    0x0000488a   0x00000010   Code   RO         1110    i.UARTCharPut       uart.o
    0x0000489a   0x0000000c   Code   RO         1112    i.UARTCharsAvail    uart.o
    0x000048a6   0x0000004c   Code   RO         1116    i.UARTConfigSetExpClk  uart.o
    0x000048f2   0x00000020   Code   RO         1119    i.UARTDisable       uart.o
    0x00004912   0x00000014   Code   RO         1121    i.UARTEnable        uart.o
    0x00004926   0x00000008   Code   RO         1126    i.UARTFIFOLevelSet  uart.o
    0x0000492e   0x00000004   Code   RO         1129    i.UARTIntClear      uart.o
    0x00004932   0x00000008   Code   RO         1131    i.UARTIntEnable     uart.o
    0x0000493a   0x0000000c   Code   RO         1133    i.UARTIntStatus     uart.o
    0x00004946   0x00000002   PAD
    0x00004948   0x0000006c   Code   RO         3170    i.Update_Mtr_Num    disp.o
    0x000049b4   0x0000009c   Code   RO         3171    i.Update_N_Buf      disp.o
    0x00004a50   0x00000018   Code   RO         4409    i.WDTFeed           usr_lib.o
    0x00004a68   0x0000000c   Code   RO         3380    i.WatchDogHandler   interrupt_api.o
    0x00004a74   0x0000000a   Code   RO         1565    i.WatchdogEnable    watchdog.o
    0x00004a7e   0x00000006   Code   RO         1566    i.WatchdogIntClear  watchdog.o
    0x00004a84   0x00000006   Code   RO         1574    i.WatchdogReloadGet  watchdog.o
    0x00004a8a   0x00000004   Code   RO         1575    i.WatchdogReloadSet  watchdog.o
    0x00004a8e   0x0000000a   Code   RO         1577    i.WatchdogResetEnable  watchdog.o
    0x00004a98   0x0000000e   Code   RO         1580    i.WatchdogStallEnable  watchdog.o
    0x00004aa6   0x00000002   PAD
    0x00004aa8   0x0000000c   Code   RO         1581    i.WatchdogUnlock    watchdog.o
    0x00004ab4   0x00000028   Code   RO         4723    i.__0sprintf        mc_w.l(printfa.o)
    0x00004adc   0x0000000e   Code   RO         4823    i.__scatterload_copy  mc_w.l(handlers.o)
    0x00004aea   0x00000002   Code   RO         4824    i.__scatterload_null  mc_w.l(handlers.o)
    0x00004aec   0x0000000e   Code   RO         4825    i.__scatterload_zeroinit  mc_w.l(handlers.o)
    0x00004afa   0x00000002   PAD
    0x00004afc   0x00000184   Code   RO         4728    i._fp_digits        mc_w.l(printfa.o)
    0x00004c80   0x000006dc   Code   RO         4729    i._printf_core      mc_w.l(printfa.o)
    0x0000535c   0x00000024   Code   RO         4730    i._printf_post_padding  mc_w.l(printfa.o)
    0x00005380   0x0000002e   Code   RO         4731    i._printf_pre_padding  mc_w.l(printfa.o)
    0x000053ae   0x0000000a   Code   RO         4733    i._sputc            mc_w.l(printfa.o)
    0x000053b8   0x0000005c   Code   RO         3531    i.main              main.o
    0x00005414   0x000001cc   Data   RO          243    .constdata          sysctl.o
    0x000055e0   0x00000020   Data   RO         1707    .constdata          can.o
    0x00005600   0x00000210   Data   RO         2184    .constdata          gpio.o
    0x00005810   0x0000010c   Data   RO         2464    .constdata          interrupt.o
    0x0000591c   0x000000e4   Data   RO         3251    .constdata          init.o
    0x00005a00   0x00000020   Data   RO         3547    .constdata          uart_api.o
    0x00005a20   0x000000a0   Data   RO         3731    .constdata          eng_err.o
    0x00005ac0   0x00000020   Data   RO         4821    Region$$Table       anon$$obj.o


    Execution Region RW_IRAM1 (Base: 0x20000000, Size: 0x00005408, Max: 0x00008000, ABSOLUTE, COMPRESSED[0x0000000c])

    Base Addr    Size         Type   Attr      Idx    E Section Name        Object

    0x20000000   0x00000188   Data   RW         2874    .data               bitvari.o
    0x20000188   0x000002ae   Data   RW         3584    .data               vari.o
    0x20000436   0x00000002   PAD
    0x20000438   0x00004bd0   Zero   RW         3583    .bss                vari.o
    0x20005008   0x00000400   Zero   RW         2867    STACK               startup_rvmdk.o


==============================================================================

Image component sizes


      Code (inc. data)   RO Data    RW Data    ZI Data      Debug   Object Name

        42          0          0          0          0       1967   adc.o
         0          0          0        392          0       5729   bitvari.o
       424          4         32          0          0       7966   can.o
         0          0          0          0          0       1544   can_api.o
      1012        144          0          0          0       3763   clk_err.o
        38          0          0          0          0        508   cpu.o
       264         46          0          0          0       2828   disp.o
      1584        296        160          0          0      24422   eng_err.o
        64         10          0          0          0        521   flash.o
       870         10        528          0          0       9984   gpio.o
      4578        826        228          0          0      28648   init.o
       200         14        268          0          0       2898   interrupt.o
      4670        830          0          0          0      34823   interrupt_api.o
        92          8          0          0          0        451   main.o
       112          0          0          0          0       5773   ssi.o
       664        620          0          0       1024        248   startup_rvmdk.o
       654         50        460          0          0       5627   sysctl.o
        46          0          0          0          0       1210   systick.o
       238         12          0          0          0       5515   timer.o
       206          0          0          0          0       4928   uart.o
         0          0         32          0          0        520   uart_api.o
      1298         16          0          0          0      24369   usr_lib.o
         0          0          0        686      19408      23020   vari.o
        62          4          0          0          0       3137   watchdog.o

    ----------------------------------------------------------------------
     17142       2890       1740       1080      20432     200399   Object Totals
         0          0         32          0          0          0   (incl. Generated)
        24          0          0          2          0          0   (incl. Padding)

    ----------------------------------------------------------------------

      Code (inc. data)   RO Data    RW Data    ZI Data      Debug   Library Member Name

        58          0          0          0          0          0   __dczerorl.o
         0          0          0          0          0          0   entry.o
         0          0          0          0          0          0   entry10a.o
         0          0          0          0          0          0   entry11a.o
         8          4          0          0          0          0   entry2.o
         4          0          0          0          0          0   entry5.o
         0          0          0          0          0          0   entry7b.o
         0          0          0          0          0          0   entry8b.o
         8          4          0          0          0          0   entry9a.o
        30          0          0          0          0          0   handlers.o
        36          8          0          0          0         68   init.o
         0          0          0          0          0          0   iusefp.o
        30          0          0          0          0         68   llshl.o
        36          0          0          0          0         68   llsshr.o
        32          0          0          0          0         68   llushr.o
        36          0          0          0          0        108   memseta.o
      2276         86          0          0          0        520   printfa.o
        14          0          0          0          0         68   strlen.o
        44          0          0          0          0         80   uidiv.o
        98          0          0          0          0         92   uldiv.o
        48          0          0          0          0         68   cdrcmple.o
        20          0          0          0          0         68   cfcmple.o
        20          0          0          0          0         68   cfrcmple.o
       334          0          0          0          0        148   dadd.o
       222          0          0          0          0        100   ddiv.o
       186          0          0          0          0        176   depilogue.o
        62          0          0          0          0         80   dfixi.o
        50          0          0          0          0         76   dfixui.o
        48          0          0          0          0         68   dfixul.o
        26          0          0          0          0         76   dfltui.o
       228          0          0          0          0         96   dmul.o
        38          0          0          0          0         68   f2d.o
       124          0          0          0          0         88   fdiv.o
       110          0          0          0          0        168   fepilogue.o
        40          0          0          0          0         68   ffixui.o
        10          0          0          0          0         68   ffltui.o
       100          0          0          0          0         76   fmul.o

    ----------------------------------------------------------------------
      4382        102          0          0          0       2700   Library Totals
         6          0          0          0          0          0   (incl. Padding)

    ----------------------------------------------------------------------

      Code (inc. data)   RO Data    RW Data    ZI Data      Debug   Library Name

      2710        102          0          0          0       1140   mc_w.l
      1666          0          0          0          0       1560   mf_w.l

    ----------------------------------------------------------------------
      4382        102          0          0          0       2700   Library Totals

    ----------------------------------------------------------------------

==============================================================================


      Code (inc. data)   RO Data    RW Data    ZI Data      Debug   

     21524       2992       1740       1080      20432     195219   Grand Totals
     21524       2992       1740         12      20432     195219   ELF Image Totals (compressed)
     21524       2992       1740         12          0          0   ROM Totals

==============================================================================

    Total RO  Size (Code + RO Data)                23264 (  22.72kB)
    Total RW  Size (RW Data + ZI Data)             21512 (  21.01kB)
    Total ROM Size (Code + RO Data + RW Data)      23276 (  22.73kB)

==============================================================================

