<html>
<body>
<pre>
<h1>礦ision Build Log</h1>
<h2>Tool Versions:</h2>
IDE-Version: μVision V5.22.0.0
Copyright (C) 2016 ARM Ltd and ARM Germany GmbH. All rights reserved.
License Information: w Sunny, sms, LIC=YA3Z9-4AQ9Q-0NKAM-X7QJL-TF58W-NSI2D
 
Tool Versions:
Toolchain:       MDK-ARM Plus  Version: 5.22
Toolchain Path:  D:\Keil_v5.22\ARM\ARMCC\Bin
C Compiler:      Armcc.exe V5.06 update 4 (build 422)
Assembler:       Armasm.exe V5.06 update 4 (build 422)
Linker/Locator:  ArmLink.exe V5.06 update 4 (build 422)
Library Manager: ArmAr.exe V5.06 update 4 (build 422)
Hex Converter:   FromElf.exe V5.06 update 4 (build 422)
CPU DLL:         SARMCM3.DLL V5.22
Dialog DLL:      DCM.DLL V1.13.9.0
Target DLL:      Segger\JL2CM3.dll V2.99.23.0
Dialog DLL:      TCM.DLL V1.21.0.0
 
<h2>Project:</h2>
E:\TM4C-gonghao\project\小显示.uvprojx
Project File Date:  11/28/2016

<h2>Output:</h2>
*** Using Compiler 'V5.06 update 4 (build 422)', folder: 'D:\Keil_v5.22\ARM\ARMCC\Bin'
Build target '小显示'
compiling BitVari.C...
compiling CAN_API.C...
compiling sysctl.c...
compiling Disp.C...
compiling CLK_ERR.C...
compiling Init.C...
compiling Interrupt_API.C...
compiling UART_API.C...
compiling main.c...
compiling vari.c...
compiling Usr_Lib.c...
compiling ENG_ERR.C...
linking...
Program Size: Code=21524 RO-data=1740 RW-data=1080 ZI-data=20432  
FromELF: creating hex file...
".\小显示.axf" - 0 Error(s), 0 Warning(s).

<h2>Collection of Component include folders:</h2>
  E:\TM4C-gonghao\project\RTE\_______
  D:\Keil_v5.22\ARM\PACK\Keil\TM4C_DFP\1.1.0\Device\Include\TM4C123

<h2>Collection of Component Files used:</h2>
Build Time Elapsed:  00:00:12
</pre>
</body>
</html>
