ARM Linker, 5.03 [Build 69] [MDK-ARM Professional]

==============================================================================

Section Cross References

    bl_startup_rvmdk.o(RESET) refers to bl_startup_rvmdk.o(.bss) for g_pulStack
    bl_startup_rvmdk.o(RESET) refers to bl_startup_rvmdk.o(.text) for IntDefaultHandler
    bl_startup_rvmdk.o(.text) refers to bl_check.o(.text) for CheckForceUpdate
    bl_startup_rvmdk.o(.text) refers to bl_can.o(.text) for ConfigureCAN
    bl_can.o(.text) refers to bl_startup_rvmdk.o(.text) for Delay
    bl_can.o(.text) refers to bl_flash.o(.text) for BLInternalFlashStartAddrCheck
    bl_can.o(.text) refers to bl_check.o(.data) for g_ui32Forced
    bl_can.o(.text) refers to bl_can.o(.data) for g_pui8CommandBuffer
    bl_check.o(.text) refers to bl_startup_rvmdk.o(.text) for Delay
    bl_check.o(.text) refers to bl_check.o(.data) for g_ui32Forced


==============================================================================

Removing Unused input sections from the image.

    Removing bl_flash.o(.text), (32 bytes).
    Removing bl_flash.o(.text), (52 bytes).
    Removing bl_flash.o(.text), (16 bytes).
    Removing bl_flash.o(.text), (12 bytes).
    Removing bl_flash.o(.text), (16 bytes).

5 unused section(s) (total 128 bytes) removed from the image.

==============================================================================

Image Symbol Table

    Local Symbols

    Symbol Name                              Value     Ov Type        Size  Object(Section)

    RESET                                    0x00000000   Section      172  bl_startup_rvmdk.o(RESET)
    bl_autobaud.c                            0x00000000   Number         0  bl_autobaud.o ABSOLUTE
    bl_can.c                                 0x00000000   Number         0  bl_can.o ABSOLUTE
    bl_check.c                               0x00000000   Number         0  bl_check.o ABSOLUTE
    bl_config.c                              0x00000000   Number         0  bl_startup_rvmdk.o ABSOLUTE
    bl_decrypt.c                             0x00000000   Number         0  bl_decrypt.o ABSOLUTE
    bl_flash.c                               0x00000000   Number         0  bl_flash.o ABSOLUTE
    bl_main.c                                0x00000000   Number         0  bl_main.o ABSOLUTE
    bl_packet.c                              0x00000000   Number         0  bl_packet.o ABSOLUTE
    $v0                                      0x00000044   Number         0  bl_startup_rvmdk.o(RESET)
    NmiSR                                    0x00000091   Thumb Code     0  bl_startup_rvmdk.o(RESET)
    FaultISR                                 0x00000093   Thumb Code     0  bl_startup_rvmdk.o(RESET)
    UpdateHandler                            0x00000095   Thumb Code     0  bl_startup_rvmdk.o(RESET)
    .text                                    0x200000ac   Section       56  bl_startup_rvmdk.o(.text)
    $v0                                      0x200000ac   Number         0  bl_startup_rvmdk.o(.text)
    Reset_Handler_In_SRAM                    0x200000ad   Thumb Code     0  bl_startup_rvmdk.o(.text)
    UpdateHandler_In_SRAM                    0x200000d1   Thumb Code     0  bl_startup_rvmdk.o(.text)
    IntDefaultHandler                        0x200000db   Thumb Code     0  bl_startup_rvmdk.o(.text)
    .text                                    0x200000e4   Section        0  bl_can.o(.text)
    CANInit                                  0x200000e5   Thumb Code    50  bl_can.o(.text)
    CANMessageSetRx                          0x20000117   Thumb Code    88  bl_can.o(.text)
    CANMessageGetRx                          0x2000016f   Thumb Code   204  bl_can.o(.text)
    CANMessageSetTx                          0x2000023b   Thumb Code   110  bl_can.o(.text)
    ConfigureCANInterface                    0x200002a9   Thumb Code    34  bl_can.o(.text)
    PacketRead                               0x200002cb   Thumb Code    30  bl_can.o(.text)
    PacketWrite                              0x200002e9   Thumb Code    44  bl_can.o(.text)
    .text                                    0x200005f8   Section        0  bl_check.o(.text)
    .text                                    0x200006b8   Section        0  bl_flash.o(.text)
    .data                                    0x200006e4   Section       32  bl_can.o(.data)
    g_ui32TransferAddress                    0x200006e4   Data           4  bl_can.o(.data)
    g_ui32TransferSize                       0x200006e8   Data           4  bl_can.o(.data)
    g_pui8CommandBuffer                      0x200006ec   Data           8  bl_can.o(.data)
    g_ui32StartValues                        0x200006f4   Data           8  bl_can.o(.data)
    g_ui32StartSize                          0x200006fc   Data           4  bl_can.o(.data)
    g_ui32StartAddress                       0x20000700   Data           4  bl_can.o(.data)
    .data                                    0x20000704   Section        4  bl_check.o(.data)
    .bss                                     0x20000708   Section      256  bl_startup_rvmdk.o(.bss)
    g_pulStack                               0x20000708   Data           0  bl_startup_rvmdk.o(.bss)

    Global Symbols

    Symbol Name                              Value     Ov Type        Size  Object(Section)

    BuildAttributes$$THM_ISAv4$E$P$D$K$B$S$7EM$VFPi3$EXTD16$VFPS$VFMA$PE$A:L22UL41UL21$X:L11$S22US41US21$IEEE1$IW$USESV6$~STKCKD$USESV7$~SHL$OSPACE$EBA8$MICROLIB$REQ8$PRES8$EABIv2 0x00000000   Number         0  anon$$obj.o ABSOLUTE
    __Vectors                                0x00000000   Data           0  bl_startup_rvmdk.o(RESET)
    ProcessorInit                            0x00000045   Thumb Code     0  bl_startup_rvmdk.o(RESET)
    Reset_Handler                            0x00000079   Thumb Code     0  bl_startup_rvmdk.o(RESET)
    StartApplication                         0x200000bb   Thumb Code     0  bl_startup_rvmdk.o(.text)
    Delay                                    0x200000dd   Thumb Code     0  bl_startup_rvmdk.o(.text)
    UpdaterCAN                               0x20000315   Thumb Code   594  bl_can.o(.text)
    AppUpdaterCAN                            0x20000567   Thumb Code    10  bl_can.o(.text)
    ConfigureCAN                             0x20000571   Thumb Code   108  bl_can.o(.text)
    CheckGPIOForceUpdate                     0x200005f9   Thumb Code   110  bl_check.o(.text)
    CheckForceUpdate                         0x20000667   Thumb Code    56  bl_check.o(.text)
    BLInternalFlashStartAddrCheck            0x200006b9   Thumb Code    38  bl_flash.o(.text)
    g_ui32Forced                             0x20000704   Data           4  bl_check.o(.data)
    Image$$SRAM$$ZI$$Base                    0x20000708   Number         0  bl_startup_rvmdk.o(.bss)
    Image$$SRAM$$ZI$$Limit                   0x20000808   Number         0  bl_startup_rvmdk.o(.bss)



==============================================================================

Memory Map of the image

  Image Entry point : 0x00000079

  Load Region FLASH (Base: 0x00000000, Size: 0x00000708, Max: 0x00020000, ABSOLUTE)

    Execution Region RESET (Base: 0x00000000, Size: 0x000000ac, Max: 0x00020000, ABSOLUTE)

    Base Addr    Size         Type   Attr      Idx    E Section Name        Object

    0x00000000   0x000000ac   Code   RO            2  * RESET               bl_startup_rvmdk.o


    Execution Region SRAM (Base: 0x200000ac, Size: 0x0000075c, Max: 0x00008000, ABSOLUTE)

    Base Addr    Size         Type   Attr      Idx    E Section Name        Object

    0x200000ac   0x00000038   Code   RO            3    .text               bl_startup_rvmdk.o
    0x200000e4   0x00000514   Code   RO           38    .text               bl_can.o
    0x200005f8   0x000000c0   Code   RO           86    .text               bl_check.o
    0x200006b8   0x0000002c   Code   RO          116    .text               bl_flash.o
    0x200006e4   0x00000020   Data   RW           39    .data               bl_can.o
    0x20000704   0x00000004   Data   RW           87    .data               bl_check.o
    0x20000708   0x00000100   Zero   RW            1    .bss                bl_startup_rvmdk.o


==============================================================================

Image component sizes


      Code (inc. data)   RO Data    RW Data    ZI Data      Debug   Object Name

         0          0          0          0          0       4212   bl_autobaud.o
      1300        106          0         32          0       4584   bl_can.o
       192         26          0          4          0       1359   bl_check.o
        44          6          0          0          0        628   bl_flash.o
       228         86          0          0        256        460   bl_startup_rvmdk.o

    ----------------------------------------------------------------------
      1764        224          0         36        256      11243   Object Totals
         0          0          0          0          0          0   (incl. Generated)
         0          0          0          0          0          0   (incl. Padding)

    ----------------------------------------------------------------------
         0          0          0          0          0          0   Library Totals
         0          0          0          0          0          0   (incl. Padding)

    ----------------------------------------------------------------------

==============================================================================


      Code (inc. data)   RO Data    RW Data    ZI Data      Debug   

      1764        224          0         36        256      11143   Grand Totals
      1764        224          0         36        256      11143   ELF Image Totals
      1764        224          0         36          0          0   ROM Totals

==============================================================================

    Total RO  Size (Code + RO Data)                 1764 (   1.72kB)
    Total RW  Size (RW Data + ZI Data)               292 (   0.29kB)
    Total ROM Size (Code + RO Data + RW Data)       1800 (   1.76kB)

==============================================================================

