<html>
<body>
<pre>
<h1>µVision Build Log</h1>
<h2>Project:</h2>
F:\TI\SW-EK-TM4C123GXL-1.0\boot_loader\bootloader.uvproj
Project File Date:  05/24/2013

<h2>Output:</h2>
Load "F:\\TI\\SW-EK-TM4C123GXL-1.0\\boot_loader\\bootloader.axf" 
Connecting: Mode=JTAG, Speed=2000000Hz
Full Chip Erase Done.
Erase Done.
Programming Done.
Verify OK.
 
*** Rebuild Pass #1 with Cross-Module Feedback - 'Clean' invoked.
Clean started: Project: 'bootloader'
   deleting intermediate output files for target 'bootloader'
Rebuild target 'bootloader'
User command #1: armcc --device DLM -I . -E -o bl_config.inc bl_config.c
assembling bl_startup_rvmdk.S...
compiling bl_autobaud.c...
compiling bl_can.c...
compiling bl_check.c...
compiling bl_decrypt.c...
compiling bl_flash.c...
compiling bl_main.c...
compiling bl_packet.c...
linking...
Program Size: Code=1868 RO-data=0 RW-data=36 ZI-data=256  
"bootloader.axf" - 0 Error(s), 0 Warning(s).
 
*** Rebuild Pass #2 with Cross-Module Feedback invoked.
Rebuild target 'bootloader'
User command #1: armcc --device DLM -I . -E -o bl_config.inc bl_config.c
assembling bl_startup_rvmdk.S...
compiling bl_autobaud.c...
compiling bl_can.c...
compiling bl_check.c...
compiling bl_decrypt.c...
compiling bl_flash.c...
compiling bl_main.c...
compiling bl_packet.c...
linking...
Program Size: Code=1764 RO-data=0 RW-data=36 ZI-data=256  
FromELF: creating hex file...
User command #1: C:\Keil\ARM\ARMCC\bin\fromelf.exe --bin -o .\output\bootloader.bin bootloader.axf
"bootloader.axf" - 0 Error(s), 0 Warning(s).
 
*** Rebuild Pass #1 with Cross-Module Feedback - 'Clean' invoked.
Clean started: Project: 'bootloader'
   deleting intermediate output files for target 'bootloader'
Rebuild target 'bootloader'
User command #1: armcc --device DLM -I . -E -o bl_config.inc bl_config.c
assembling bl_startup_rvmdk.S...
compiling bl_autobaud.c...
compiling bl_can.c...
compiling bl_check.c...
compiling bl_decrypt.c...
compiling bl_flash.c...
compiling bl_main.c...
compiling bl_packet.c...
linking...
Program Size: Code=1868 RO-data=0 RW-data=36 ZI-data=256  
"bootloader.axf" - 0 Error(s), 0 Warning(s).
 
*** Rebuild Pass #2 with Cross-Module Feedback invoked.
Rebuild target 'bootloader'
User command #1: armcc --device DLM -I . -E -o bl_config.inc bl_config.c
assembling bl_startup_rvmdk.S...
compiling bl_autobaud.c...
compiling bl_can.c...
compiling bl_check.c...
compiling bl_decrypt.c...
compiling bl_flash.c...
compiling bl_main.c...
compiling bl_packet.c...
linking...
Program Size: Code=1764 RO-data=0 RW-data=36 ZI-data=256  
FromELF: creating hex file...
User command #1: C:\Keil\ARM\ARMCC\bin\fromelf.exe --bin -o .\output\bootloader.bin bootloader.axf
"bootloader.axf" - 0 Error(s), 0 Warning(s).
