<html>
<body>
<pre>
<h1>礦ision Build Log</h1>
<h2>Project:</h2>
D:\zlz\校验台改造\program\Bootloader\TM4C123BootLoader\UART_bootloader\Project_MDK\TM4C123UBoot.uvproj
Project File Date:  03/17/2015

<h2>Output:</h2>
Build target 'TM4C123UBoot'
linking...
Program Size: Code=4680 RO-data=836 RW-data=40 ZI-data=1616  
After Build - User command #1: fromelf --bin --output ..\Project_MDK\output\UBoot.bin ..\Project_MDK\UBoot.axf
"..\User_C\UBoot.axf" - 0 Errors, 0 Warning(s).
Build target 'TM4C123UBoot'
compiling bl_flash.c...
..\User_C\bl_flash.c(30): error:  #5: cannot open source input file "bl_config.h": No such file or directory
"..\User_C\UBoot.axf" - 1 Errors, 0 Warning(s).
Target not created
Build target 'TM4C123UBoot'
compiling bl_autobaud.c...
..\User_C\bl_autobaud.c(30): error:  #5: cannot open source input file "../User_h/bl_config.h": No such file or directory
compiling bl_can.c...
..\User_C\bl_can.c(34): error:  #5: cannot open source input file "../User_h/bl_config.h": No such file or directory
compiling bl_check.c...
..\User_C\bl_check.c(31): error:  #5: cannot open source input file "../User_h/bl_config.h": No such file or directory
compiling bl_crc32.c...
..\User_C\bl_crc32.c(29): error:  #5: cannot open source input file "../User_h/bl_config.h": No such file or directory
compiling bl_decrypt.c...
..\User_C\bl_decrypt.c(27): error:  #5: cannot open source input file "../User_h/bl_config.h": No such file or directory
compiling bl_emac.c...
..\User_C\bl_emac.c(28): error:  #5: cannot open source input file "../User_h/bl_config.h": No such file or directory
compiling bl_flash.c...
..\User_C\bl_flash.c(30): error:  #5: cannot open source input file "../User_h/bl_config.h": No such file or directory
compiling bl_main.c...
..\User_C\bl_main.c(37): error:  #5: cannot open source input file "../User_h/bl_config.h": No such file or directory
compiling bl_packet.c...
..\User_C\bl_packet.c(26): error:  #5: cannot open source input file "../User_h/bl_config.h": No such file or directory
compiling bl_i2c.c...
..\User_C\bl_i2c.c(32): error:  #5: cannot open source input file "../User_h/bl_config.h": No such file or directory
compiling bl_ssi.c...
..\User_C\bl_ssi.c(31): error:  #5: cannot open source input file "../User_h/bl_config.h": No such file or directory
compiling bl_uart.c...
..\User_C\bl_uart.c(31): error:  #5: cannot open source input file "../User_h/bl_config.h": No such file or directory
compiling bl_usb.c...
..\User_C\bl_usb.c(34): error:  #5: cannot open source input file "../User_h/bl_config.h": No such file or directory
compiling bl_usbfuncs.c...
compiling DISP.C...
compiling gpio.c...
compiling sysctl.c...
compiling interrupt.c...
compiling systick.c...
compiling cpu.c...
"..\User_C\UBoot.axf" - 13 Errors, 0 Warning(s).
Target not created
Build target 'TM4C123UBoot'
compiling bl_autobaud.c...
compiling bl_can.c...
compiling bl_check.c...
compiling bl_crc32.c...
compiling bl_decrypt.c...
compiling bl_emac.c...
compiling bl_flash.c...
compiling bl_main.c...
compiling bl_packet.c...
compiling bl_i2c.c...
compiling bl_ssi.c...
compiling bl_uart.c...
compiling bl_usb.c...
compiling bl_usbfuncs.c...
linking...
Program Size: Code=4680 RO-data=836 RW-data=40 ZI-data=1616  
After Build - User command #1: fromelf --bin --output ..\Project_MDK\output\UBoot.bin ..\Project_MDK\UBoot.axf
"..\User_C\UBoot.axf" - 0 Errors, 0 Warning(s).
Build target 'TM4C123UBoot'
Before Build - User command #1: armcc --device DLM -I . -E -o .\..\User_h\bl_config.inc .\..\User_C\bl_config.c
".\..\User_C\bl_config.c", line 25: Error:  #5: cannot open source input file "bl_config.h": No such file or directory
  #include "bl_config.h"
                        ^
.\..\User_C\bl_config.c: 0 warnings, 1 error
compiling bl_flash.c...
linking...
Program Size: Code=4680 RO-data=836 RW-data=40 ZI-data=1616  
After Build - User command #1: fromelf --bin --output ..\Project_MDK\output\UBoot.bin ..\Project_MDK\UBoot.axf
"..\User_C\UBoot.axf" - 0 Errors, 0 Warning(s).
Build target 'TM4C123UBoot'
Before Build - User command #1: armcc --device DLM -I . -E -o ..\User_h\bl_config.inc ..\User_C\bl_config.c
"..\User_C\bl_config.c", line 25: Error:  #5: cannot open source input file "bl_config.h": No such file or directory
  #include "bl_config.h"
                        ^
..\User_C\bl_config.c: 0 warnings, 1 error
linking...
Program Size: Code=4680 RO-data=836 RW-data=40 ZI-data=1616  
After Build - User command #1: fromelf --bin --output ..\Project_MDK\output\UBoot.bin ..\Project_MDK\UBoot.axf
"..\User_C\UBoot.axf" - 0 Errors, 0 Warning(s).
Build target 'TM4C123UBoot'
Before Build - User command #1: armcc --device DLM -I . -E -o ..\User_h\bl_config.inc ..\User_C\bl_config.c
linking...
Program Size: Code=4680 RO-data=836 RW-data=40 ZI-data=1616  
After Build - User command #1: fromelf --bin --output ..\Project_MDK\output\UBoot.bin ..\Project_MDK\UBoot.axf
"..\User_C\UBoot.axf" - 0 Errors, 0 Warning(s).
Rebuild target 'TM4C123UBoot'
Before Build - User command #1: armcc --device DLM -I . -E -o ..\User_h\bl_config.inc ..\User_C\bl_config.c
compiling bl_autobaud.c...
compiling bl_can.c...
compiling bl_check.c...
compiling bl_crc32.c...
compiling bl_decrypt.c...
compiling bl_emac.c...
compiling bl_flash.c...
compiling bl_main.c...
compiling bl_packet.c...
compiling bl_i2c.c...
compiling bl_ssi.c...
compiling bl_uart.c...
compiling bl_usb.c...
compiling bl_usbfuncs.c...
compiling DISP.C...
compiling gpio.c...
compiling sysctl.c...
compiling interrupt.c...
compiling systick.c...
compiling cpu.c...
assembling bl_startup_rvmdk.S...
..\StartUp\bl_startup_rvmdk.S(25): error: A1023E: File "bl_config.inc" could not be opened: No such file or directory
..\StartUp\bl_startup_rvmdk.S(60): error: A1516E: Bad symbol '_STACK_SIZE', not defined or external
..\StartUp\bl_startup_rvmdk.S(100): error: A1516E: Bad symbol '_APP_START_ADDRESS', not defined or external
..\StartUp\bl_startup_rvmdk.S(132): error: A1516E: Bad symbol '_APP_START_ADDRESS', not defined or external
..\StartUp\bl_startup_rvmdk.S(230): error: A1516E: Bad symbol '_CANBOOT_VTABLE_START_ADDRESS', not defined or external
..\StartUp\bl_startup_rvmdk.S(240): error: A1516E: Bad symbol '_CANBOOT_START_ADDRESS', not defined or external
..\StartUp\bl_startup_rvmdk.S(436): error: A1516E: Bad symbol '_APP_START_ADDRESS', not defined or external
..\StartUp\bl_startup_rvmdk.S(465): error: A1516E: Bad symbol '_VTABLE_START_ADDRESS', not defined or external
..\StartUp\bl_startup_rvmdk.S(475): error: A1516E: Bad symbol '_APP_START_ADDRESS', not defined or external
"..\User_C\UBoot.axf" - 9 Errors, 0 Warning(s).
Target not created
Rebuild target 'TM4C123UBoot'
Before Build - User command #1: armcc --device DLM -I . -E -o ..\User_h\bl_config.inc ..\User_C\bl_config.c
compiling bl_autobaud.c...
compiling bl_can.c...
compiling bl_check.c...
compiling bl_crc32.c...
compiling bl_decrypt.c...
compiling bl_emac.c...
compiling bl_flash.c...
compiling bl_main.c...
compiling bl_packet.c...
compiling bl_i2c.c...
compiling bl_ssi.c...
compiling bl_uart.c...
compiling bl_usb.c...
compiling bl_usbfuncs.c...
compiling DISP.C...
compiling gpio.c...
compiling sysctl.c...
compiling interrupt.c...
compiling systick.c...
compiling cpu.c...
assembling bl_startup_rvmdk.S...
linking...
Program Size: Code=4680 RO-data=836 RW-data=40 ZI-data=1616  
After Build - User command #1: fromelf --bin --output ..\Project_MDK\output\UBoot.bin ..\Project_MDK\UBoot.axf
"..\User_C\UBoot.axf" - 0 Errors, 0 Warning(s).
Rebuild target 'TM4C123UBoot'
Before Build - User command #1: armcc --device DLM -I . -E -o ..\User_h\bl_config.inc ..\User_C\bl_config.c
compiling bl_autobaud.c...
compiling bl_can.c...
compiling bl_check.c...
compiling bl_crc32.c...
compiling bl_decrypt.c...
compiling bl_emac.c...
compiling bl_flash.c...
compiling bl_main.c...
compiling bl_packet.c...
compiling bl_i2c.c...
compiling bl_ssi.c...
compiling bl_uart.c...
compiling bl_usb.c...
compiling bl_usbfuncs.c...
compiling DISP.C...
compiling gpio.c...
compiling sysctl.c...
compiling interrupt.c...
compiling systick.c...
compiling cpu.c...
assembling bl_startup_rvmdk.S...
linking...
Program Size: Code=4680 RO-data=836 RW-data=40 ZI-data=1616  
After Build - User command #1: fromelf --bin --output ..\Project_MDK\output\UBoot.bin ..\Project_MDK\UBoot.axf
"..\User_C\UBoot.axf" - 0 Errors, 0 Warning(s).
Build target 'TM4C123UBoot'
Before Build - User command #1: armcc --device DLM -I . -E -o ..\User_h\bl_config.inc ..\User_C\bl_config.c
compiling bl_autobaud.c...
compiling bl_can.c...
compiling bl_check.c...
compiling bl_crc32.c...
compiling bl_decrypt.c...
compiling bl_emac.c...
compiling bl_flash.c...
compiling bl_main.c...
compiling bl_packet.c...
compiling bl_i2c.c...
compiling bl_ssi.c...
compiling bl_uart.c...
compiling bl_usb.c...
compiling bl_usbfuncs.c...
linking...
Program Size: Code=4680 RO-data=836 RW-data=40 ZI-data=1616  
After Build - User command #1: fromelf --bin --output ..\Project_MDK\output\UBoot.bin ..\Project_MDK\UBoot.axf
"..\User_C\UBoot.axf" - 0 Errors, 0 Warning(s).
Rebuild target 'TM4C123UBoot'
Before Build - User command #1: armcc --device DLM -I . -E -o ..\User_h\bl_config.inc ..\User_C\bl_config.c
compiling bl_autobaud.c...
compiling bl_can.c...
compiling bl_check.c...
compiling bl_crc32.c...
compiling bl_decrypt.c...
compiling bl_emac.c...
compiling bl_flash.c...
compiling bl_main.c...
compiling bl_packet.c...
compiling bl_i2c.c...
compiling bl_ssi.c...
compiling bl_uart.c...
compiling bl_usb.c...
compiling bl_usbfuncs.c...
compiling DISP.C...
compiling gpio.c...
compiling sysctl.c...
compiling interrupt.c...
compiling systick.c...
compiling cpu.c...
assembling bl_startup_rvmdk.S...
linking...
Program Size: Code=4680 RO-data=836 RW-data=40 ZI-data=1616  
After Build - User command #1: fromelf --bin --output ..\Project_MDK\output\UBoot.bin ..\Project_MDK\UBoot.axf
"..\User_C\UBoot.axf" - 0 Errors, 0 Warning(s).
Build target 'TM4C123UBoot'
Before Build - User command #1: armcc --device DLM -I . -E -o ..\User_h\bl_config.inc ..\User_C\bl_config.c
compiling bl_autobaud.c...
compiling bl_can.c...
compiling bl_check.c...
compiling bl_crc32.c...
compiling bl_decrypt.c...
compiling bl_emac.c...
compiling bl_flash.c...
compiling bl_main.c...
compiling bl_packet.c...
compiling bl_i2c.c...
compiling bl_ssi.c...
compiling bl_uart.c...
compiling bl_usb.c...
compiling bl_usbfuncs.c...
compiling DISP.C...
compiling gpio.c...
compiling sysctl.c...
compiling interrupt.c...
compiling systick.c...
compiling cpu.c...
assembling bl_startup_rvmdk.S...
linking...
Program Size: Code=4680 RO-data=836 RW-data=40 ZI-data=1616  
After Build - User command #1: fromelf --bin --output ..\Project_MDK\output\UBoot.bin ..\Project_MDK\UBoot.axf
".\UBoot.axf" - 0 Errors, 0 Warning(s).
Build target 'TM4C123UBoot'
Before Build - User command #1: armcc --device DLM -I . -E -o ..\User_h\bl_config.inc ..\User_C\bl_config.c
compiling bl_flash.c...
compiling bl_main.c...
assembling bl_startup_rvmdk.S...
linking...
Program Size: Code=4680 RO-data=836 RW-data=40 ZI-data=1616  
After Build - User command #1: fromelf --bin --output ..\Project_MDK\output\UBoot.bin ..\Project_MDK\UBoot.axf
".\UBoot.axf" - 0 Errors, 0 Warning(s).
Rebuild target 'TM4C123UBoot'
Before Build - User command #1: armcc --device DLM -I . -E -o ..\User_h\bl_config.inc ..\User_C\bl_config.c
compiling bl_autobaud.c...
compiling bl_can.c...
compiling bl_check.c...
compiling bl_crc32.c...
compiling bl_decrypt.c...
compiling bl_emac.c...
compiling bl_flash.c...
compiling bl_main.c...
compiling bl_packet.c...
compiling bl_i2c.c...
compiling bl_ssi.c...
compiling bl_uart.c...
compiling bl_usb.c...
compiling bl_usbfuncs.c...
compiling DISP.C...
compiling gpio.c...
compiling sysctl.c...
compiling interrupt.c...
compiling systick.c...
compiling cpu.c...
assembling bl_startup_rvmdk.S...
linking...
Program Size: Code=4680 RO-data=836 RW-data=40 ZI-data=1616  
After Build - User command #1: fromelf --bin --output ..\Project_MDK\output\UBoot.bin ..\Project_MDK\UBoot.axf
".\UBoot.axf" - 0 Errors, 0 Warning(s).
Rebuild target 'TM4C123UBoot'
Before Build - User command #1: armcc --device DLM -I . -E -o ..\User_h\bl_config.inc ..\User_C\bl_config.c
compiling bl_autobaud.c...
compiling bl_can.c...
compiling bl_check.c...
compiling bl_crc32.c...
compiling bl_decrypt.c...
compiling bl_emac.c...
compiling bl_flash.c...
compiling bl_main.c...
compiling bl_packet.c...
compiling bl_i2c.c...
compiling bl_ssi.c...
compiling bl_uart.c...
compiling bl_usb.c...
compiling bl_usbfuncs.c...
compiling DISP.C...
compiling gpio.c...
compiling sysctl.c...
compiling interrupt.c...
compiling systick.c...
compiling cpu.c...
assembling bl_startup_rvmdk.S...
linking...
Program Size: Code=4680 RO-data=836 RW-data=40 ZI-data=1616  
After Build - User command #1: fromelf --bin --output ..\Project_MDK\output\UBoot.bin ..\Project_MDK\UBoot.axf
".\UBoot.axf" - 0 Errors, 0 Warning(s).
Build target 'TM4C123UBoot'
Before Build - User command #1: armcc --device DLM -I . -E -o ..\User_h\bl_config.inc ..\User_C\bl_config.c
linking...
Program Size: Code=4680 RO-data=836 RW-data=40 ZI-data=1616  
After Build - User command #1: fromelf --bin --output ..\Project_MDK\output\UBoot.bin ..\Project_MDK\UBoot.axf
".\UBoot.axf" - 0 Errors, 0 Warning(s).
